Archive member included to satisfy reference by file (symbol)

c:/st/stm32cubeide_1.7.0/stm32cubeide/plugins/com.st.stm32cube.ide.mcu.externaltools.gnu-tools-for-stm32.9-2020-q2-update.win32_2.0.0.202105311346/tools/bin/../lib/gcc/arm-none-eabi/9.3.1/../../../../arm-none-eabi/lib/thumb/v7e-m+fp/hard\libc_nano.a(lib_a-errno.o)
                              ./Core/Src/syscalls.o (__errno)
c:/st/stm32cubeide_1.7.0/stm32cubeide/plugins/com.st.stm32cube.ide.mcu.externaltools.gnu-tools-for-stm32.9-2020-q2-update.win32_2.0.0.202105311346/tools/bin/../lib/gcc/arm-none-eabi/9.3.1/../../../../arm-none-eabi/lib/thumb/v7e-m+fp/hard\libc_nano.a(lib_a-exit.o)
                              c:/st/stm32cubeide_1.7.0/stm32cubeide/plugins/com.st.stm32cube.ide.mcu.externaltools.gnu-tools-for-stm32.9-2020-q2-update.win32_2.0.0.202105311346/tools/bin/../lib/gcc/arm-none-eabi/9.3.1/../../../../arm-none-eabi/lib/thumb/v7e-m+fp/hard/crt0.o (exit)
c:/st/stm32cubeide_1.7.0/stm32cubeide/plugins/com.st.stm32cube.ide.mcu.externaltools.gnu-tools-for-stm32.9-2020-q2-update.win32_2.0.0.202105311346/tools/bin/../lib/gcc/arm-none-eabi/9.3.1/../../../../arm-none-eabi/lib/thumb/v7e-m+fp/hard\libc_nano.a(lib_a-findfp.o)
                              ./Middlewares/Third_Party/FreeRTOS/Source/tasks.o (__sf_fake_stderr)
c:/st/stm32cubeide_1.7.0/stm32cubeide/plugins/com.st.stm32cube.ide.mcu.externaltools.gnu-tools-for-stm32.9-2020-q2-update.win32_2.0.0.202105311346/tools/bin/../lib/gcc/arm-none-eabi/9.3.1/../../../../arm-none-eabi/lib/thumb/v7e-m+fp/hard\libc_nano.a(lib_a-fwalk.o)
                              c:/st/stm32cubeide_1.7.0/stm32cubeide/plugins/com.st.stm32cube.ide.mcu.externaltools.gnu-tools-for-stm32.9-2020-q2-update.win32_2.0.0.202105311346/tools/bin/../lib/gcc/arm-none-eabi/9.3.1/../../../../arm-none-eabi/lib/thumb/v7e-m+fp/hard\libc_nano.a(lib_a-findfp.o) (_fwalk)
c:/st/stm32cubeide_1.7.0/stm32cubeide/plugins/com.st.stm32cube.ide.mcu.externaltools.gnu-tools-for-stm32.9-2020-q2-update.win32_2.0.0.202105311346/tools/bin/../lib/gcc/arm-none-eabi/9.3.1/../../../../arm-none-eabi/lib/thumb/v7e-m+fp/hard\libc_nano.a(lib_a-impure.o)
                              c:/st/stm32cubeide_1.7.0/stm32cubeide/plugins/com.st.stm32cube.ide.mcu.externaltools.gnu-tools-for-stm32.9-2020-q2-update.win32_2.0.0.202105311346/tools/bin/../lib/gcc/arm-none-eabi/9.3.1/../../../../arm-none-eabi/lib/thumb/v7e-m+fp/hard\libc_nano.a(lib_a-exit.o) (_global_impure_ptr)
c:/st/stm32cubeide_1.7.0/stm32cubeide/plugins/com.st.stm32cube.ide.mcu.externaltools.gnu-tools-for-stm32.9-2020-q2-update.win32_2.0.0.202105311346/tools/bin/../lib/gcc/arm-none-eabi/9.3.1/../../../../arm-none-eabi/lib/thumb/v7e-m+fp/hard\libc_nano.a(lib_a-init.o)
                              c:/st/stm32cubeide_1.7.0/stm32cubeide/plugins/com.st.stm32cube.ide.mcu.externaltools.gnu-tools-for-stm32.9-2020-q2-update.win32_2.0.0.202105311346/tools/bin/../lib/gcc/arm-none-eabi/9.3.1/../../../../arm-none-eabi/lib/thumb/v7e-m+fp/hard/crt0.o (__libc_init_array)
c:/st/stm32cubeide_1.7.0/stm32cubeide/plugins/com.st.stm32cube.ide.mcu.externaltools.gnu-tools-for-stm32.9-2020-q2-update.win32_2.0.0.202105311346/tools/bin/../lib/gcc/arm-none-eabi/9.3.1/../../../../arm-none-eabi/lib/thumb/v7e-m+fp/hard\libc_nano.a(lib_a-lock.o)
                              c:/st/stm32cubeide_1.7.0/stm32cubeide/plugins/com.st.stm32cube.ide.mcu.externaltools.gnu-tools-for-stm32.9-2020-q2-update.win32_2.0.0.202105311346/tools/bin/../lib/gcc/arm-none-eabi/9.3.1/../../../../arm-none-eabi/lib/thumb/v7e-m+fp/hard\libc_nano.a(lib_a-findfp.o) (__retarget_lock_init_recursive)
c:/st/stm32cubeide_1.7.0/stm32cubeide/plugins/com.st.stm32cube.ide.mcu.externaltools.gnu-tools-for-stm32.9-2020-q2-update.win32_2.0.0.202105311346/tools/bin/../lib/gcc/arm-none-eabi/9.3.1/../../../../arm-none-eabi/lib/thumb/v7e-m+fp/hard\libc_nano.a(lib_a-memcpy-stub.o)
                              ./Middlewares/Third_Party/FreeRTOS/Source/CMSIS_RTOS_V2/cmsis_os2.o (memcpy)
c:/st/stm32cubeide_1.7.0/stm32cubeide/plugins/com.st.stm32cube.ide.mcu.externaltools.gnu-tools-for-stm32.9-2020-q2-update.win32_2.0.0.202105311346/tools/bin/../lib/gcc/arm-none-eabi/9.3.1/../../../../arm-none-eabi/lib/thumb/v7e-m+fp/hard\libc_nano.a(lib_a-memset.o)
                              c:/st/stm32cubeide_1.7.0/stm32cubeide/plugins/com.st.stm32cube.ide.mcu.externaltools.gnu-tools-for-stm32.9-2020-q2-update.win32_2.0.0.202105311346/tools/bin/../lib/gcc/arm-none-eabi/9.3.1/../../../../arm-none-eabi/lib/thumb/v7e-m+fp/hard/crt0.o (memset)
c:/st/stm32cubeide_1.7.0/stm32cubeide/plugins/com.st.stm32cube.ide.mcu.externaltools.gnu-tools-for-stm32.9-2020-q2-update.win32_2.0.0.202105311346/tools/bin/../lib/gcc/arm-none-eabi/9.3.1/../../../../arm-none-eabi/lib/thumb/v7e-m+fp/hard\libc_nano.a(lib_a-nano-mallocr.o)
[...]
Memory Configuration

Name             Origin             Length             Attributes
RAM              0x0000000020000000 0x0000000000020000 xrw
FLASH            0x0000000008000000 0x0000000000080000 xr
*default*        0x0000000000000000 0xffffffffffffffff

Linker script and memory map

LOAD c:/st/stm32cubeide_1.7.0/stm32cubeide/plugins/com.st.stm32cube.ide.mcu.externaltools.gnu-tools-for-stm32.9-2020-q2-update.win32_2.0.0.202105311346/tools/bin/../lib/gcc/arm-none-eabi/9.3.1/thumb/v7e-m+fp/hard/crti.o
LOAD c:/st/stm32cubeide_1.7.0/stm32cubeide/plugins/com.st.stm32cube.ide.mcu.externaltools.gnu-tools-for-stm32.9-2020-q2-update.win32_2.0.0.202105311346/tools/bin/../lib/gcc/arm-none-eabi/9.3.1/thumb/v7e-m+fp/hard/crtbegin.o
LOAD c:/st/stm32cubeide_1.7.0/stm32cubeide/plugins/com.st.stm32cube.ide.mcu.externaltools.gnu-tools-for-stm32.9-2020-q2-update.win32_2.0.0.202105311346/tools/bin/../lib/gcc/arm-none-eabi/9.3.1/../../../../arm-none-eabi/lib/thumb/v7e-m+fp/hard/crt0.o
LOAD ./Core/Src/freertos.o
LOAD ./Core/Src/main.o
LOAD ./Core/Src/stm32f4xx_hal_msp.o
LOAD ./Core/Src/stm32f4xx_hal_timebase_tim.o
LOAD ./Core/Src/stm32f4xx_it.o
LOAD ./Core/Src/syscalls.o
LOAD ./Core/Src/sysmem.o
LOAD ./Core/Src/system_stm32f4xx.o
LOAD ./Core/Startup/startup_stm32f446retx.o
LOAD ./Drivers/STM32F4xx_HAL_Driver/Src/stm32f4xx_hal.o
LOAD ./Drivers/STM32F4xx_HAL_Driver/Src/stm32f4xx_hal_adc.o
LOAD ./Drivers/STM32F4xx_HAL_Driver/Src/stm32f4xx_hal_adc_ex.o
LOAD ./Drivers/STM32F4xx_HAL_Driver/Src/stm32f4xx_hal_cortex.o
LOAD ./Drivers/STM32F4xx_HAL_Driver/Src/stm32f4xx_hal_dma.o
LOAD ./Drivers/STM32F4xx_HAL_Driver/Src/stm32f4xx_hal_dma_ex.o
LOAD ./Drivers/STM32F4xx_HAL_Driver/Src/stm32f4xx_hal_exti.o
LOAD ./Drivers/STM32F4xx_HAL_Driver/Src/stm32f4xx_hal_flash.o
LOAD ./Drivers/STM32F4xx_HAL_Driver/Src/stm32f4xx_hal_flash_ex.o
LOAD ./Drivers/STM32F4xx_HAL_Driver/Src/stm32f4xx_hal_flash_ramfunc.o
LOAD ./Drivers/STM32F4xx_HAL_Driver/Src/stm32f4xx_hal_gpio.o
LOAD ./Drivers/STM32F4xx_HAL_Driver/Src/stm32f4xx_hal_i2c.o
LOAD ./Drivers/STM32F4xx_HAL_Driver/Src/stm32f4xx_hal_i2c_ex.o
LOAD ./Drivers/STM32F4xx_HAL_Driver/Src/stm32f4xx_hal_pcd.o
LOAD ./Drivers/STM32F4xx_HAL_Driver/Src/stm32f4xx_hal_pcd_ex.o
LOAD ./Drivers/STM32F4xx_HAL_Driver/Src/stm32f4xx_hal_pwr.o
LOAD ./Drivers/STM32F4xx_HAL_Driver/Src/stm32f4xx_hal_pwr_ex.o
LOAD ./Drivers/STM32F4xx_HAL_Driver/Src/stm32f4xx_hal_rcc.o
LOAD ./Drivers/STM32F4xx_HAL_Driver/Src/stm32f4xx_hal_rcc_ex.o
LOAD ./Drivers/STM32F4xx_HAL_Driver/Src/stm32f4xx_hal_tim.o
LOAD ./Drivers/STM32F4xx_HAL_Driver/Src/stm32f4xx_hal_tim_ex.o
LOAD ./Drivers/STM32F4xx_HAL_Driver/Src/stm32f4xx_hal_uart.o
LOAD ./Drivers/STM32F4xx_HAL_Driver/Src/stm32f4xx_ll_adc.o
LOAD ./Drivers/STM32F4xx_HAL_Driver/Src/stm32f4xx_ll_usb.o
LOAD ./Middlewares/ST/STM32_USB_Device_Library/Class/AUDIO/Src/usbd_audio.o
LOAD ./Middlewares/ST/STM32_USB_Device_Library/Class/MIDI/src/usbd_midi.o
LOAD ./Middlewares/ST/STM32_USB_Device_Library/Core/Src/usbd_core.o
LOAD ./Middlewares/ST/STM32_USB_Device_Library/Core/Src/usbd_ctlreq.o
LOAD ./Middlewares/ST/STM32_USB_Device_Library/Core/Src/usbd_ioreq.o
LOAD ./Middlewares/Third_Party/FreeRTOS/Source/CMSIS_RTOS_V2/cmsis_os2.o
LOAD ./Middlewares/Third_Party/FreeRTOS/Source/croutine.o
LOAD ./Middlewares/Third_Party/FreeRTOS/Source/event_groups.o
LOAD ./Middlewares/Third_Party/FreeRTOS/Source/list.o
LOAD ./Middlewares/Third_Party/FreeRTOS/Source/queue.o
LOAD ./Middlewares/Third_Party/FreeRTOS/Source/stream_buffer.o
LOAD ./Middlewares/Third_Party/FreeRTOS/Source/tasks.o
LOAD ./Middlewares/Third_Party/FreeRTOS/Source/timers.o
LOAD ./Middlewares/Third_Party/FreeRTOS/Source/portable/GCC/ARM_CM4F/port.o
LOAD ./Middlewares/Third_Party/FreeRTOS/Source/portable/MemMang/heap_4.o
LOAD ./USB_DEVICE/App/usb_device.o
LOAD ./USB_DEVICE/App/usbd_audio_if.o
LOAD ./USB_DEVICE/App/usbd_desc.o
LOAD ./USB_DEVICE/App/usbd_midi_if.o
LOAD ./USB_DEVICE/Target/usbd_conf.o
START GROUP
LOAD c:/st/stm32cubeide_1.7.0/stm32cubeide/plugins/com.st.stm32cube.ide.mcu.externaltools.gnu-tools-for-stm32.9-2020-q2-update.win32_2.0.0.202105311346/tools/bin/../lib/gcc/arm-none-eabi/9.3.1/../../../../arm-none-eabi/lib/thumb/v7e-m+fp/hard\libstdc++_nano.a
LOAD c:/st/stm32cubeide_1.7.0/stm32cubeide/plugins/com.st.stm32cube.ide.mcu.externaltools.gnu-tools-for-stm32.9-2020-q2-update.win32_2.0.0.202105311346/tools/bin/../lib/gcc/arm-none-eabi/9.3.1/../../../../arm-none-eabi/lib/thumb/v7e-m+fp/hard\libsupc++_nano.a
END GROUP
LOAD c:/st/stm32cubeide_1.7.0/stm32cubeide/plugins/com.st.stm32cube.ide.mcu.externaltools.gnu-tools-for-stm32.9-2020-q2-update.win32_2.0.0.202105311346/tools/bin/../lib/gcc/arm-none-eabi/9.3.1/../../../../arm-none-eabi/lib/thumb/v7e-m+fp/hard\libstdc++_nano.a
LOAD c:/st/stm32cubeide_1.7.0/stm32cubeide/plugins/com.st.stm32cube.ide.mcu.externaltools.gnu-tools-for-stm32.9-2020-q2-update.win32_2.0.0.202105311346/tools/bin/../lib/gcc/arm-none-eabi/9.3.1/../../../../arm-none-eabi/lib/thumb/v7e-m+fp/hard\libm.a
LOAD c:/st/stm32cubeide_1.7.0/stm32cubeide/plugins/com.st.stm32cube.ide.mcu.externaltools.gnu-tools-for-stm32.9-2020-q2-update.win32_2.0.0.202105311346/tools/bin/../lib/gcc/arm-none-eabi/9.3.1/../../../../arm-none-eabi/lib/thumb/v7e-m+fp/hard\libc_nano.a
START GROUP
LOAD c:/st/stm32cubeide_1.7.0/stm32cubeide/plugins/com.st.stm32cube.ide.mcu.externaltools.gnu-tools-for-stm32.9-2020-q2-update.win32_2.0.0.202105311346/tools/bin/../lib/gcc/arm-none-eabi/9.3.1/thumb/v7e-m+fp/hard\libgcc.a
LOAD c:/st/stm32cubeide_1.7.0/stm32cubeide/plugins/com.st.stm32cube.ide.mcu.externaltools.gnu-tools-for-stm32.9-2020-q2-update.win32_2.0.0.202105311346/tools/bin/../lib/gcc/arm-none-eabi/9.3.1/../../../../arm-none-eabi/lib/thumb/v7e-m+fp/hard\libc_nano.a
END GROUP
START GROUP
LOAD c:/st/stm32cubeide_1.7.0/stm32cubeide/plugins/com.st.stm32cube.ide.mcu.externaltools.gnu-tools-for-stm32.9-2020-q2-update.win32_2.0.0.202105311346/tools/bin/../lib/gcc/arm-none-eabi/9.3.1/thumb/v7e-m+fp/hard\libgcc.a
LOAD c:/st/stm32cubeide_1.7.0/stm32cubeide/plugins/com.st.stm32cube.ide.mcu.externaltools.gnu-tools-for-stm32.9-2020-q2-update.win32_2.0.0.202105311346/tools/bin/../lib/gcc/arm-none-eabi/9.3.1/../../../../arm-none-eabi/lib/thumb/v7e-m+fp/hard\libc_nano.a
LOAD c:/st/stm32cubeide_1.7.0/stm32cubeide/plugins/com.st.stm32cube.ide.mcu.externaltools.gnu-tools-for-stm32.9-2020-q2-update.win32_2.0.0.202105311346/tools/bin/../lib/gcc/arm-none-eabi/9.3.1/../../../../arm-none-eabi/lib/thumb/v7e-m+fp/hard\libnosys.a
END GROUP
START GROUP
LOAD c:/st/stm32cubeide_1.7.0/stm32cubeide/plugins/com.st.stm32cube.ide.mcu.externaltools.gnu-tools-for-stm32.9-2020-q2-update.win32_2.0.0.202105311346/tools/bin/../lib/gcc/arm-none-eabi/9.3.1/thumb/v7e-m+fp/hard\libgcc.a
LOAD c:/st/stm32cubeide_1.7.0/stm32cubeide/plugins/com.st.stm32cube.ide.mcu.externaltools.gnu-tools-for-stm32.9-2020-q2-update.win32_2.0.0.202105311346/tools/bin/../lib/gcc/arm-none-eabi/9.3.1/../../../../arm-none-eabi/lib/thumb/v7e-m+fp/hard\libc_nano.a
LOAD c:/st/stm32cubeide_1.7.0/stm32cubeide/plugins/com.st.stm32cube.ide.mcu.externaltools.gnu-tools-for-stm32.9-2020-q2-update.win32_2.0.0.202105311346/tools/bin/../lib/gcc/arm-none-eabi/9.3.1/../../../../arm-none-eabi/lib/thumb/v7e-m+fp/hard\libnosys.a
END GROUP
LOAD c:/st/stm32cubeide_1.7.0/stm32cubeide/plugins/com.st.stm32cube.ide.mcu.externaltools.gnu-tools-for-stm32.9-2020-q2-update.win32_2.0.0.202105311346/tools/bin/../lib/gcc/arm-none-eabi/9.3.1/thumb/v7e-m+fp/hard/crtend.o
LOAD c:/st/stm32cubeide_1.7.0/stm32cubeide/plugins/com.st.stm32cube.ide.mcu.externaltools.gnu-tools-for-stm32.9-2020-q2-update.win32_2.0.0.202105311346/tools/bin/../lib/gcc/arm-none-eabi/9.3.1/thumb/v7e-m+fp/hard/crtn.o
                0x0000000020020000                _estack = (ORIGIN (RAM) + LENGTH (RAM))
                0x0000000000000200                _Min_Heap_Size = 0x200
                0x0000000000000400                _Min_Stack_Size = 0x400

.isr_vector     0x0000000008000000      0x1c4
                0x0000000008000000                . = ALIGN (0x4)
 *(.isr_vector)
 .isr_vector    0x0000000008000000      0x1c4 ./Core/Startup/startup_stm32f446retx.o
                0x0000000008000000                g_pfnVectors
                0x00000000080001c4                . = ALIGN (0x4)

.text           0x00000000080001d0     0xb410
                0x00000000080001d0                . = ALIGN (0x4)
 *(.text)
 .text          0x00000000080001d0       0x40 c:/st/stm32cubeide_1.7.0/stm32cubeide/plugins/com.st.stm32cube.ide.mcu.externaltools.gnu-tools-for-stm32.9-2020-q2-update.win32_2.0.0.202105311346/tools/bin/../lib/gcc/arm-none-eabi/9.3.1/thumb/v7e-m+fp/hard/crtbegin.o
 .text          0x0000000008000210       0x30 c:/st/stm32cubeide_1.7.0/stm32cubeide/plugins/com.st.stm32cube.ide.mcu.externaltools.gnu-tools-for-stm32.9-2020-q2-update.win32_2.0.0.202105311346/tools/bin/../lib/gcc/arm-none-eabi/9.3.1/thumb/v7e-m+fp/hard\libgcc.a(_aeabi_uldivmod.o)
                0x0000000008000210                __aeabi_uldivmod
 .text          0x0000000008000240      0x2c4 c:/st/stm32cubeide_1.7.0/stm32cubeide/plugins/com.st.stm32cube.ide.mcu.externaltools.gnu-tools-for-stm32.9-2020-q2-update.win32_2.0.0.202105311346/tools/bin/../lib/gcc/arm-none-eabi/9.3.1/thumb/v7e-m+fp/hard\libgcc.a(_udivmoddi4.o)
                0x0000000008000240                __udivmoddi4
 .text          0x0000000008000504        0x4 c:/st/stm32cubeide_1.7.0/stm32cubeide/plugins/com.st.stm32cube.ide.mcu.externaltools.gnu-tools-for-stm32.9-2020-q2-update.win32_2.0.0.202105311346/tools/bin/../lib/gcc/arm-none-eabi/9.3.1/thumb/v7e-m+fp/hard\libgcc.a(_dvmd_tls.o)
                0x0000000008000504                __aeabi_idiv0
                0x0000000008000504                __aeabi_ldiv0
 *(.text*)
 .text.main     0x0000000008000508       0x74 ./Core/Src/main.o
                0x0000000008000508                main
 .text.SystemClock_Config
                0x000000000800057c       0xd8 ./Core/Src/main.o
                0x000000000800057c                SystemClock_Config
 .text.MX_ADC1_Init
                0x0000000008000654       0xa4 ./Core/Src/main.o
 .text.MX_I2C1_Init
                0x00000000080006f8       0x5c ./Core/Src/main.o
 .text.MX_TIM1_Init
                0x0000000008000754       0xb0 ./Core/Src/main.o
 .text.MX_TIM2_Init
                0x0000000008000804       0xa8 ./Core/Src/main.o
 .text.MX_TIM3_Init
                0x00000000080008ac       0xa8 ./Core/Src/main.o
 .text.MX_TIM4_Init
                0x0000000008000954       0xa8 ./Core/Src/main.o
 .text.MX_UART4_Init
                0x00000000080009fc       0x54 ./Core/Src/main.o
 .text.MX_DMA_Init
                0x0000000008000a50       0x40 ./Core/Src/main.o
 .text.MX_GPIO_Init
                0x0000000008000a90      0x130 ./Core/Src/main.o
 .text.StartDefaultTask
                0x0000000008000bc0       0x14 ./Core/Src/main.o
                0x0000000008000bc0                StartDefaultTask
 .text.StartTask02
                0x0000000008000bd4       0x10 ./Core/Src/main.o
                0x0000000008000bd4                StartTask02
 .text.Error_Handler
                0x0000000008000be4        0xa ./Core/Src/main.o
                0x0000000008000be4                Error_Handler
 *fill*         0x0000000008000bee        0x2 
 .text.HAL_MspInit
                0x0000000008000bf0       0x58 ./Core/Src/stm32f4xx_hal_msp.o
                0x0000000008000bf0                HAL_MspInit
 .text.HAL_ADC_MspInit
                0x0000000008000c48       0xec ./Core/Src/stm32f4xx_hal_msp.o
                0x0000000008000c48                HAL_ADC_MspInit
 .text.HAL_I2C_MspInit
                0x0000000008000d34       0x90 ./Core/Src/stm32f4xx_hal_msp.o
                0x0000000008000d34                HAL_I2C_MspInit
 .text.HAL_TIM_Encoder_MspInit
                0x0000000008000dc4      0x1c8 ./Core/Src/stm32f4xx_hal_msp.o
                0x0000000008000dc4                HAL_TIM_Encoder_MspInit
 .text.HAL_UART_MspInit
                0x0000000008000f8c       0xd0 ./Core/Src/stm32f4xx_hal_msp.o
                0x0000000008000f8c                HAL_UART_MspInit
 .text.HAL_InitTick
                0x000000000800105c       0xb4 ./Core/Src/stm32f4xx_hal_timebase_tim.o
                0x000000000800105c                HAL_InitTick
 .text.NMI_Handler
                0x0000000008001110        0x6 ./Core/Src/stm32f4xx_it.o
                0x0000000008001110                NMI_Handler
 .text.HardFault_Handler
                0x0000000008001116        0x6 ./Core/Src/stm32f4xx_it.o
                0x0000000008001116                HardFault_Handler
 .text.MemManage_Handler
                0x000000000800111c        0x6 ./Core/Src/stm32f4xx_it.o
                0x000000000800111c                MemManage_Handler
 .text.BusFault_Handler
                0x0000000008001122        0x6 ./Core/Src/stm32f4xx_it.o
                0x0000000008001122                BusFault_Handler
 .text.UsageFault_Handler
                0x0000000008001128        0x6 ./Core/Src/stm32f4xx_it.o
                0x0000000008001128                UsageFault_Handler
 .text.DebugMon_Handler
                0x000000000800112e        0xe ./Core/Src/stm32f4xx_it.o
                0x000000000800112e                DebugMon_Handler
 .text.DMA2_Stream0_IRQHandler
                0x000000000800113c       0x14 ./Core/Src/stm32f4xx_it.o
                0x000000000800113c                DMA2_Stream0_IRQHandler
 .text.OTG_FS_IRQHandler
                0x0000000008001150       0x14 ./Core/Src/stm32f4xx_it.o
                0x0000000008001150                OTG_FS_IRQHandler
 .text.SystemInit
                0x0000000008001164       0x24 ./Core/Src/system_stm32f4xx.o
                0x0000000008001164                SystemInit
 .text.Reset_Handler
                0x0000000008001188       0x50 ./Core/Startup/startup_stm32f446retx.o
                0x0000000008001188                Reset_Handler
 .text.Default_Handler
                0x00000000080011d8        0x2 ./Core/Startup/startup_stm32f446retx.o
                0x00000000080011d8                RTC_Alarm_IRQHandler
                0x00000000080011d8                EXTI2_IRQHandler
                0x00000000080011d8                TIM8_CC_IRQHandler
                0x00000000080011d8                FMPI2C1_EV_IRQHandler
                0x00000000080011d8                SPI4_IRQHandler
                0x00000000080011d8                TIM1_CC_IRQHandler
                0x00000000080011d8                DMA2_Stream5_IRQHandler
                0x00000000080011d8                DMA1_Stream5_IRQHandler
                0x00000000080011d8                PVD_IRQHandler
                0x00000000080011d8                SDIO_IRQHandler
                0x00000000080011d8                TAMP_STAMP_IRQHandler
                0x00000000080011d8                CAN2_RX1_IRQHandler
                0x00000000080011d8                EXTI3_IRQHandler
                0x00000000080011d8                TIM8_TRG_COM_TIM14_IRQHandler
                0x00000000080011d8                TIM1_UP_TIM10_IRQHandler
                0x00000000080011d8                TIM8_UP_TIM13_IRQHandler
                0x00000000080011d8                I2C3_ER_IRQHandler
                0x00000000080011d8                EXTI0_IRQHandler
                0x00000000080011d8                I2C2_EV_IRQHandler
                0x00000000080011d8                DMA1_Stream2_IRQHandler
                0x00000000080011d8                CAN1_RX0_IRQHandler
                0x00000000080011d8                FPU_IRQHandler
                0x00000000080011d8                OTG_HS_WKUP_IRQHandler
                0x00000000080011d8                CAN2_SCE_IRQHandler
                0x00000000080011d8                DMA2_Stream2_IRQHandler
                0x00000000080011d8                SPI1_IRQHandler
                0x00000000080011d8                TIM6_DAC_IRQHandler
                0x00000000080011d8                TIM1_BRK_TIM9_IRQHandler
                0x00000000080011d8                DCMI_IRQHandler
                0x00000000080011d8                CAN2_RX0_IRQHandler
                0x00000000080011d8                DMA2_Stream3_IRQHandler
                0x00000000080011d8                SAI2_IRQHandler
                0x00000000080011d8                USART6_IRQHandler
                0x00000000080011d8                USART3_IRQHandler
                0x00000000080011d8                CAN1_RX1_IRQHandler
                0x00000000080011d8                UART5_IRQHandler
                0x00000000080011d8                TIM4_IRQHandler
                0x00000000080011d8                QUADSPI_IRQHandler
                0x00000000080011d8                I2C1_EV_IRQHandler
                0x00000000080011d8                DMA1_Stream6_IRQHandler
                0x00000000080011d8                DMA1_Stream1_IRQHandler
                0x00000000080011d8                UART4_IRQHandler
                0x00000000080011d8                TIM3_IRQHandler
                0x00000000080011d8                RCC_IRQHandler
                0x00000000080011d8                TIM8_BRK_TIM12_IRQHandler
                0x00000000080011d8                Default_Handler
                0x00000000080011d8                CEC_IRQHandler
                0x00000000080011d8                EXTI15_10_IRQHandler
                0x00000000080011d8                ADC_IRQHandler
                0x00000000080011d8                DMA1_Stream7_IRQHandler
                0x00000000080011d8                TIM7_IRQHandler
                0x00000000080011d8                CAN2_TX_IRQHandler
                0x00000000080011d8                TIM5_IRQHandler
                0x00000000080011d8                DMA2_Stream7_IRQHandler
                0x00000000080011d8                I2C3_EV_IRQHandler
                0x00000000080011d8                EXTI9_5_IRQHandler
                0x00000000080011d8                RTC_WKUP_IRQHandler
                0x00000000080011d8                SPDIF_RX_IRQHandler
                0x00000000080011d8                SPI2_IRQHandler
                0x00000000080011d8                OTG_HS_EP1_IN_IRQHandler
                0x00000000080011d8                DMA1_Stream0_IRQHandler
                0x00000000080011d8                CAN1_TX_IRQHandler
                0x00000000080011d8                FMPI2C1_ER_IRQHandler
                0x00000000080011d8                EXTI4_IRQHandler
                0x00000000080011d8                OTG_HS_EP1_OUT_IRQHandler
                0x00000000080011d8                WWDG_IRQHandler
                0x00000000080011d8                TIM2_IRQHandler
                0x00000000080011d8                OTG_FS_WKUP_IRQHandler
                0x00000000080011d8                TIM1_TRG_COM_TIM11_IRQHandler
                0x00000000080011d8                OTG_HS_IRQHandler
                0x00000000080011d8                EXTI1_IRQHandler
                0x00000000080011d8                USART2_IRQHandler
                0x00000000080011d8                I2C2_ER_IRQHandler
                0x00000000080011d8                DMA2_Stream1_IRQHandler
                0x00000000080011d8                CAN1_SCE_IRQHandler
                0x00000000080011d8                FLASH_IRQHandler
                0x00000000080011d8                DMA2_Stream4_IRQHandler
                0x00000000080011d8                USART1_IRQHandler
                0x00000000080011d8                SPI3_IRQHandler
                0x00000000080011d8                DMA1_Stream4_IRQHandler
                0x00000000080011d8                I2C1_ER_IRQHandler
                0x00000000080011d8                FMC_IRQHandler
                0x00000000080011d8                DMA2_Stream6_IRQHandler
                0x00000000080011d8                SAI1_IRQHandler
                0x00000000080011d8                DMA1_Stream3_IRQHandler
 *fill*         0x00000000080011da        0x2 
 .text.HAL_Init
                0x00000000080011dc       0x44 ./Drivers/STM32F4xx_HAL_Driver/Src/stm32f4xx_hal.o
                0x00000000080011dc                HAL_Init
 .text.HAL_GetTick
                0x0000000008001220       0x18 ./Drivers/STM32F4xx_HAL_Driver/Src/stm32f4xx_hal.o
                0x0000000008001220                HAL_GetTick
 .text.HAL_Delay
                0x0000000008001238       0x48 ./Drivers/STM32F4xx_HAL_Driver/Src/stm32f4xx_hal.o
                0x0000000008001238                HAL_Delay
 .text.HAL_ADC_Init
                0x0000000008001280       0x86 ./Drivers/STM32F4xx_HAL_Driver/Src/stm32f4xx_hal_adc.o
                0x0000000008001280                HAL_ADC_Init
 *fill*         0x0000000008001306        0x2 
 .text.HAL_ADC_ConfigChannel
                0x0000000008001308      0x264 ./Drivers/STM32F4xx_HAL_Driver/Src/stm32f4xx_hal_adc.o
                0x0000000008001308                HAL_ADC_ConfigChannel
 .text.ADC_Init
                0x000000000800156c      0x1f8 ./Drivers/STM32F4xx_HAL_Driver/Src/stm32f4xx_hal_adc.o
 .text.__NVIC_SetPriorityGrouping
                0x0000000008001764       0x48 ./Drivers/STM32F4xx_HAL_Driver/Src/stm32f4xx_hal_cortex.o
 .text.__NVIC_GetPriorityGrouping
                0x00000000080017ac       0x1c ./Drivers/STM32F4xx_HAL_Driver/Src/stm32f4xx_hal_cortex.o
 .text.__NVIC_EnableIRQ
                0x00000000080017c8       0x3c ./Drivers/STM32F4xx_HAL_Driver/Src/stm32f4xx_hal_cortex.o
 .text.__NVIC_SetPriority
                0x0000000008001804       0x54 ./Drivers/STM32F4xx_HAL_Driver/Src/stm32f4xx_hal_cortex.o
 .text.NVIC_EncodePriority
                0x0000000008001858       0x66 ./Drivers/STM32F4xx_HAL_Driver/Src/stm32f4xx_hal_cortex.o
 .text.HAL_NVIC_SetPriorityGrouping
                0x00000000080018be       0x16 ./Drivers/STM32F4xx_HAL_Driver/Src/stm32f4xx_hal_cortex.o
                0x00000000080018be                HAL_NVIC_SetPriorityGrouping
 .text.HAL_NVIC_SetPriority
                0x00000000080018d4       0x38 ./Drivers/STM32F4xx_HAL_Driver/Src/stm32f4xx_hal_cortex.o
                0x00000000080018d4                HAL_NVIC_SetPriority
 .text.HAL_NVIC_EnableIRQ
                0x000000000800190c       0x1c ./Drivers/STM32F4xx_HAL_Driver/Src/stm32f4xx_hal_cortex.o
                0x000000000800190c                HAL_NVIC_EnableIRQ
 .text.HAL_DMA_Init
                0x0000000008001928      0x15c ./Drivers/STM32F4xx_HAL_Driver/Src/stm32f4xx_hal_dma.o
                0x0000000008001928                HAL_DMA_Init
 .text.HAL_DMA_IRQHandler
                0x0000000008001a84      0x314 ./Drivers/STM32F4xx_HAL_Driver/Src/stm32f4xx_hal_dma.o
                0x0000000008001a84                HAL_DMA_IRQHandler
 .text.DMA_CalcBaseAndBitshift
                0x0000000008001d98       0x6c ./Drivers/STM32F4xx_HAL_Driver/Src/stm32f4xx_hal_dma.o
 .text.DMA_CheckFifoParam
                0x0000000008001e04       0xf8 ./Drivers/STM32F4xx_HAL_Driver/Src/stm32f4xx_hal_dma.o
 .text.HAL_GPIO_Init
                0x0000000008001efc      0x328 ./Drivers/STM32F4xx_HAL_Driver/Src/stm32f4xx_hal_gpio.o
                0x0000000008001efc                HAL_GPIO_Init
 .text.HAL_GPIO_WritePin
                0x0000000008002224       0x32 ./Drivers/STM32F4xx_HAL_Driver/Src/stm32f4xx_hal_gpio.o
                0x0000000008002224                HAL_GPIO_WritePin
 *fill*         0x0000000008002256        0x2 
 .text.HAL_I2C_Init
                0x0000000008002258      0x288 ./Drivers/STM32F4xx_HAL_Driver/Src/stm32f4xx_hal_i2c.o
                0x0000000008002258                HAL_I2C_Init
 .text.HAL_PCD_Init
                0x00000000080024e0      0x248 ./Drivers/STM32F4xx_HAL_Driver/Src/stm32f4xx_hal_pcd.o
                0x00000000080024e0                HAL_PCD_Init
 .text.HAL_PCD_Start
                0x0000000008002728       0x66 ./Drivers/STM32F4xx_HAL_Driver/Src/stm32f4xx_hal_pcd.o
                0x0000000008002728                HAL_PCD_Start
 .text.HAL_PCD_IRQHandler
                0x000000000800278e      0x7be ./Drivers/STM32F4xx_HAL_Driver/Src/stm32f4xx_hal_pcd.o
                0x000000000800278e                HAL_PCD_IRQHandler
 .text.HAL_PCD_SetAddress
                0x0000000008002f4c       0x4a ./Drivers/STM32F4xx_HAL_Driver/Src/stm32f4xx_hal_pcd.o
                0x0000000008002f4c                HAL_PCD_SetAddress
 .text.HAL_PCD_EP_Open
                0x0000000008002f96       0xd0 ./Drivers/STM32F4xx_HAL_Driver/Src/stm32f4xx_hal_pcd.o
                0x0000000008002f96                HAL_PCD_EP_Open
 .text.HAL_PCD_EP_Close
                0x0000000008003066       0x94 ./Drivers/STM32F4xx_HAL_Driver/Src/stm32f4xx_hal_pcd.o
                0x0000000008003066                HAL_PCD_EP_Close
 .text.HAL_PCD_EP_Receive
                0x00000000080030fa       0x96 ./Drivers/STM32F4xx_HAL_Driver/Src/stm32f4xx_hal_pcd.o
                0x00000000080030fa                HAL_PCD_EP_Receive
 .text.HAL_PCD_EP_Transmit
                0x0000000008003190       0x94 ./Drivers/STM32F4xx_HAL_Driver/Src/stm32f4xx_hal_pcd.o
                0x0000000008003190                HAL_PCD_EP_Transmit
 .text.HAL_PCD_EP_SetStall
                0x0000000008003224       0xc8 ./Drivers/STM32F4xx_HAL_Driver/Src/stm32f4xx_hal_pcd.o
                0x0000000008003224                HAL_PCD_EP_SetStall
 .text.HAL_PCD_EP_ClrStall
                0x00000000080032ec       0xac ./Drivers/STM32F4xx_HAL_Driver/Src/stm32f4xx_hal_pcd.o
                0x00000000080032ec                HAL_PCD_EP_ClrStall
 .text.PCD_WriteEmptyTxFifo
                0x0000000008003398      0x11a ./Drivers/STM32F4xx_HAL_Driver/Src/stm32f4xx_hal_pcd.o
 *fill*         0x00000000080034b2        0x2 
 .text.PCD_EP_OutXfrComplete_int
                0x00000000080034b4      0x218 ./Drivers/STM32F4xx_HAL_Driver/Src/stm32f4xx_hal_pcd.o
 .text.PCD_EP_OutSetupPacket_int
                0x00000000080036cc       0x8c ./Drivers/STM32F4xx_HAL_Driver/Src/stm32f4xx_hal_pcd.o
 .text.HAL_PCDEx_SetTxFiFo
                0x0000000008003758       0x8e ./Drivers/STM32F4xx_HAL_Driver/Src/stm32f4xx_hal_pcd_ex.o
                0x0000000008003758                HAL_PCDEx_SetTxFiFo
 .text.HAL_PCDEx_SetRxFiFo
                0x00000000080037e6       0x22 ./Drivers/STM32F4xx_HAL_Driver/Src/stm32f4xx_hal_pcd_ex.o
                0x00000000080037e6                HAL_PCDEx_SetRxFiFo
 .text.HAL_PCDEx_ActivateLPM
                0x0000000008003808       0x48 ./Drivers/STM32F4xx_HAL_Driver/Src/stm32f4xx_hal_pcd_ex.o
                0x0000000008003808                HAL_PCDEx_ActivateLPM
 .text.HAL_RCC_ClockConfig
                0x0000000008003850      0x1cc ./Drivers/STM32F4xx_HAL_Driver/Src/stm32f4xx_hal_rcc.o
                0x0000000008003850                HAL_RCC_ClockConfig
 .text.HAL_RCC_GetHCLKFreq
                0x0000000008003a1c       0x18 ./Drivers/STM32F4xx_HAL_Driver/Src/stm32f4xx_hal_rcc.o
                0x0000000008003a1c                HAL_RCC_GetHCLKFreq
 .text.HAL_RCC_GetPCLK1Freq
                0x0000000008003a34       0x28 ./Drivers/STM32F4xx_HAL_Driver/Src/stm32f4xx_hal_rcc.o
                0x0000000008003a34                HAL_RCC_GetPCLK1Freq
 .text.HAL_RCC_GetPCLK2Freq
                0x0000000008003a5c       0x28 ./Drivers/STM32F4xx_HAL_Driver/Src/stm32f4xx_hal_rcc.o
                0x0000000008003a5c                HAL_RCC_GetPCLK2Freq
 .text.HAL_RCC_GetClockConfig
                0x0000000008003a84       0x64 ./Drivers/STM32F4xx_HAL_Driver/Src/stm32f4xx_hal_rcc.o
                0x0000000008003a84                HAL_RCC_GetClockConfig
 .text.HAL_RCCEx_PeriphCLKConfig
                0x0000000008003ae8      0x654 ./Drivers/STM32F4xx_HAL_Driver/Src/stm32f4xx_hal_rcc_ex.o
                0x0000000008003ae8                HAL_RCCEx_PeriphCLKConfig
 .text.HAL_RCC_GetSysClockFreq
                0x000000000800413c      0x364 ./Drivers/STM32F4xx_HAL_Driver/Src/stm32f4xx_hal_rcc_ex.o
                0x000000000800413c                HAL_RCC_GetSysClockFreq
 .text.HAL_RCC_OscConfig
                0x00000000080044a0      0x53c ./Drivers/STM32F4xx_HAL_Driver/Src/stm32f4xx_hal_rcc_ex.o
                0x00000000080044a0                HAL_RCC_OscConfig
 .text.HAL_TIM_Base_Init
                0x00000000080049dc       0x9e ./Drivers/STM32F4xx_HAL_Driver/Src/stm32f4xx_hal_tim.o
                0x00000000080049dc                HAL_TIM_Base_Init
 .text.HAL_TIM_Base_MspInit
                0x0000000008004a7a       0x14 ./Drivers/STM32F4xx_HAL_Driver/Src/stm32f4xx_hal_tim.o
                0x0000000008004a7a                HAL_TIM_Base_MspInit
 *fill*         0x0000000008004a8e        0x2 
 .text.HAL_TIM_Base_Start_IT
                0x0000000008004a90       0xe0 ./Drivers/STM32F4xx_HAL_Driver/Src/stm32f4xx_hal_tim.o
                0x0000000008004a90                HAL_TIM_Base_Start_IT
 .text.HAL_TIM_Encoder_Init
                0x0000000008004b70      0x14c ./Drivers/STM32F4xx_HAL_Driver/Src/stm32f4xx_hal_tim.o
                0x0000000008004b70                HAL_TIM_Encoder_Init
 .text.TIM_Base_SetConfig
                0x0000000008004cbc      0x140 ./Drivers/STM32F4xx_HAL_Driver/Src/stm32f4xx_hal_tim.o
                0x0000000008004cbc                TIM_Base_SetConfig
 .text.HAL_TIMEx_MasterConfigSynchronization
                0x0000000008004dfc       0xf8 ./Drivers/STM32F4xx_HAL_Driver/Src/stm32f4xx_hal_tim_ex.o
                0x0000000008004dfc                HAL_TIMEx_MasterConfigSynchronization
 .text.HAL_UART_Init
                0x0000000008004ef4       0x9a ./Drivers/STM32F4xx_HAL_Driver/Src/stm32f4xx_hal_uart.o
                0x0000000008004ef4                HAL_UART_Init
 *fill*         0x0000000008004f8e        0x2 
 .text.UART_SetConfig
                0x0000000008004f90      0x390 ./Drivers/STM32F4xx_HAL_Driver/Src/stm32f4xx_hal_uart.o
 .text.USB_CoreInit
                0x0000000008005320       0xc2 ./Drivers/STM32F4xx_HAL_Driver/Src/stm32f4xx_ll_usb.o
                0x0000000008005320                USB_CoreInit
 *fill*         0x00000000080053e2        0x2 
 .text.USB_SetTurnaroundTime
                0x00000000080053e4      0x144 ./Drivers/STM32F4xx_HAL_Driver/Src/stm32f4xx_ll_usb.o
                0x00000000080053e4                USB_SetTurnaroundTime
 .text.USB_EnableGlobalInt
                0x0000000008005528       0x22 ./Drivers/STM32F4xx_HAL_Driver/Src/stm32f4xx_ll_usb.o
                0x0000000008005528                USB_EnableGlobalInt
 .text.USB_DisableGlobalInt
                0x000000000800554a       0x22 ./Drivers/STM32F4xx_HAL_Driver/Src/stm32f4xx_ll_usb.o
                0x000000000800554a                USB_DisableGlobalInt
 .text.USB_SetCurrentMode
                0x000000000800556c       0x98 ./Drivers/STM32F4xx_HAL_Driver/Src/stm32f4xx_ll_usb.o
                0x000000000800556c                USB_SetCurrentMode
 .text.USB_DevInit
                0x0000000008005604      0x2bc ./Drivers/STM32F4xx_HAL_Driver/Src/stm32f4xx_ll_usb.o
                0x0000000008005604                USB_DevInit
 .text.USB_FlushTxFifo
                0x00000000080058c0       0x48 ./Drivers/STM32F4xx_HAL_Driver/Src/stm32f4xx_ll_usb.o
                0x00000000080058c0                USB_FlushTxFifo
 .text.USB_FlushRxFifo
                0x0000000008005908       0x40 ./Drivers/STM32F4xx_HAL_Driver/Src/stm32f4xx_ll_usb.o
                0x0000000008005908                USB_FlushRxFifo
 .text.USB_SetDevSpeed
                0x0000000008005948       0x32 ./Drivers/STM32F4xx_HAL_Driver/Src/stm32f4xx_ll_usb.o
                0x0000000008005948                USB_SetDevSpeed
 .text.USB_GetDevSpeed
                0x000000000800597a       0x4a ./Drivers/STM32F4xx_HAL_Driver/Src/stm32f4xx_ll_usb.o
                0x000000000800597a                USB_GetDevSpeed
 .text.USB_ActivateEndpoint
                0x00000000080059c4      0x10e ./Drivers/STM32F4xx_HAL_Driver/Src/stm32f4xx_ll_usb.o
                0x00000000080059c4                USB_ActivateEndpoint
 *fill*         0x0000000008005ad2        0x2 
 .text.USB_DeactivateEndpoint
                0x0000000008005ad4      0x1b8 ./Drivers/STM32F4xx_HAL_Driver/Src/stm32f4xx_ll_usb.o
                0x0000000008005ad4                USB_DeactivateEndpoint
 .text.USB_EPStartXfer
                0x0000000008005c8c      0x488 ./Drivers/STM32F4xx_HAL_Driver/Src/stm32f4xx_ll_usb.o
                0x0000000008005c8c                USB_EPStartXfer
 .text.USB_EP0StartXfer
                0x0000000008006114      0x2a6 ./Drivers/STM32F4xx_HAL_Driver/Src/stm32f4xx_ll_usb.o
                0x0000000008006114                USB_EP0StartXfer
 .text.USB_WritePacket
                0x00000000080063ba       0x7c ./Drivers/STM32F4xx_HAL_Driver/Src/stm32f4xx_ll_usb.o
                0x00000000080063ba                USB_WritePacket
 .text.USB_ReadPacket
                0x0000000008006436       0xb0 ./Drivers/STM32F4xx_HAL_Driver/Src/stm32f4xx_ll_usb.o
                0x0000000008006436                USB_ReadPacket
 .text.USB_EPSetStall
                0x00000000080064e6       0xdc ./Drivers/STM32F4xx_HAL_Driver/Src/stm32f4xx_ll_usb.o
                0x00000000080064e6                USB_EPSetStall
 .text.USB_EPClearStall
                0x00000000080065c2       0xcc ./Drivers/STM32F4xx_HAL_Driver/Src/stm32f4xx_ll_usb.o
                0x00000000080065c2                USB_EPClearStall
 .text.USB_SetDevAddress
                0x000000000800668e       0x4c ./Drivers/STM32F4xx_HAL_Driver/Src/stm32f4xx_ll_usb.o
                0x000000000800668e                USB_SetDevAddress
 .text.USB_DevConnect
                0x00000000080066da       0x42 ./Drivers/STM32F4xx_HAL_Driver/Src/stm32f4xx_ll_usb.o
                0x00000000080066da                USB_DevConnect
 .text.USB_DevDisconnect
                0x000000000800671c       0x42 ./Drivers/STM32F4xx_HAL_Driver/Src/stm32f4xx_ll_usb.o
                0x000000000800671c                USB_DevDisconnect
 .text.USB_ReadInterrupts
                0x000000000800675e       0x26 ./Drivers/STM32F4xx_HAL_Driver/Src/stm32f4xx_ll_usb.o
                0x000000000800675e                USB_ReadInterrupts
 .text.USB_ReadDevAllOutEpInterrupt
                0x0000000008006784       0x34 ./Drivers/STM32F4xx_HAL_Driver/Src/stm32f4xx_ll_usb.o
                0x0000000008006784                USB_ReadDevAllOutEpInterrupt
 .text.USB_ReadDevAllInEpInterrupt
                0x00000000080067b8       0x34 ./Drivers/STM32F4xx_HAL_Driver/Src/stm32f4xx_ll_usb.o
                0x00000000080067b8                USB_ReadDevAllInEpInterrupt
 .text.USB_ReadDevOutEPInterrupt
                0x00000000080067ec       0x3c ./Drivers/STM32F4xx_HAL_Driver/Src/stm32f4xx_ll_usb.o
                0x00000000080067ec                USB_ReadDevOutEPInterrupt
 .text.USB_ReadDevInEPInterrupt
                0x0000000008006828       0x5c ./Drivers/STM32F4xx_HAL_Driver/Src/stm32f4xx_ll_usb.o
                0x0000000008006828                USB_ReadDevInEPInterrupt
 .text.USB_GetMode
                0x0000000008006884       0x1c ./Drivers/STM32F4xx_HAL_Driver/Src/stm32f4xx_ll_usb.o
                0x0000000008006884                USB_GetMode
 .text.USB_ActivateSetup
                0x00000000080068a0       0x46 ./Drivers/STM32F4xx_HAL_Driver/Src/stm32f4xx_ll_usb.o
                0x00000000080068a0                USB_ActivateSetup
 *fill*         0x00000000080068e6        0x2 
 .text.USB_EP0_OutStart
                0x00000000080068e8       0xbc ./Drivers/STM32F4xx_HAL_Driver/Src/stm32f4xx_ll_usb.o
                0x00000000080068e8                USB_EP0_OutStart
 .text.USB_CoreReset
                0x00000000080069a4       0x64 ./Drivers/STM32F4xx_HAL_Driver/Src/stm32f4xx_ll_usb.o
 .text.USBD_AUDIO_RegisterInterface
                0x0000000008006a08       0x2a ./Middlewares/ST/STM32_USB_Device_Library/Class/AUDIO/Src/usbd_audio.o
                0x0000000008006a08                USBD_AUDIO_RegisterInterface
 *fill*         0x0000000008006a32        0x2 
 .text.USBD_MIDI_Init
                0x0000000008006a34       0x48 ./Middlewares/ST/STM32_USB_Device_Library/Class/MIDI/src/usbd_midi.o
 .text.USBD_MIDI_DeInit
                0x0000000008006a7c       0x30 ./Middlewares/ST/STM32_USB_Device_Library/Class/MIDI/src/usbd_midi.o
 .text.USBD_MIDI_DataIn
                0x0000000008006aac       0x2c ./Middlewares/ST/STM32_USB_Device_Library/Class/MIDI/src/usbd_midi.o
 .text.USBD_MIDI_DataOut
                0x0000000008006ad8       0x64 ./Middlewares/ST/STM32_USB_Device_Library/Class/MIDI/src/usbd_midi.o
 .text.USBD_MIDI_GetCfgDesc
                0x0000000008006b3c       0x20 ./Middlewares/ST/STM32_USB_Device_Library/Class/MIDI/src/usbd_midi.o
 .text.USBD_Init
                0x0000000008006b5c       0x60 ./Middlewares/ST/STM32_USB_Device_Library/Core/Src/usbd_core.o
                0x0000000008006b5c                USBD_Init
 .text.USBD_RegisterClass
                0x0000000008006bbc       0x4e ./Middlewares/ST/STM32_USB_Device_Library/Core/Src/usbd_core.o
                0x0000000008006bbc                USBD_RegisterClass
 .text.USBD_Start
                0x0000000008006c0a       0x18 ./Middlewares/ST/STM32_USB_Device_Library/Core/Src/usbd_core.o
                0x0000000008006c0a                USBD_Start
 .text.USBD_RunTestMode
                0x0000000008006c22       0x16 ./Middlewares/ST/STM32_USB_Device_Library/Core/Src/usbd_core.o
                0x0000000008006c22                USBD_RunTestMode
 .text.USBD_SetClassConfig
                0x0000000008006c38       0x38 ./Middlewares/ST/STM32_USB_Device_Library/Core/Src/usbd_core.o
                0x0000000008006c38                USBD_SetClassConfig
 .text.USBD_ClrClassConfig
                0x0000000008006c70       0x30 ./Middlewares/ST/STM32_USB_Device_Library/Core/Src/usbd_core.o
                0x0000000008006c70                USBD_ClrClassConfig
 .text.USBD_LL_SetupStage
                0x0000000008006ca0       0xaa ./Middlewares/ST/STM32_USB_Device_Library/Core/Src/usbd_core.o
                0x0000000008006ca0                USBD_LL_SetupStage
 .text.USBD_LL_DataOutStage
                0x0000000008006d4a       0xc6 ./Middlewares/ST/STM32_USB_Device_Library/Core/Src/usbd_core.o
                0x0000000008006d4a                USBD_LL_DataOutStage
 .text.USBD_LL_DataInStage
                0x0000000008006e10      0x12c ./Middlewares/ST/STM32_USB_Device_Library/Core/Src/usbd_core.o
                0x0000000008006e10                USBD_LL_DataInStage
 .text.USBD_LL_Reset
                0x0000000008006f3c       0x9c ./Middlewares/ST/STM32_USB_Device_Library/Core/Src/usbd_core.o
                0x0000000008006f3c                USBD_LL_Reset
 .text.USBD_LL_SetSpeed
                0x0000000008006fd8       0x20 ./Middlewares/ST/STM32_USB_Device_Library/Core/Src/usbd_core.o
                0x0000000008006fd8                USBD_LL_SetSpeed
 .text.USBD_LL_Suspend
                0x0000000008006ff8       0x2c ./Middlewares/ST/STM32_USB_Device_Library/Core/Src/usbd_core.o
                0x0000000008006ff8                USBD_LL_Suspend
 .text.USBD_LL_Resume
                0x0000000008007024       0x30 ./Middlewares/ST/STM32_USB_Device_Library/Core/Src/usbd_core.o
                0x0000000008007024                USBD_LL_Resume
 .text.USBD_LL_SOF
                0x0000000008007054       0x44 ./Middlewares/ST/STM32_USB_Device_Library/Core/Src/usbd_core.o
                0x0000000008007054                USBD_LL_SOF
 .text.USBD_LL_IsoINIncomplete
                0x0000000008007098       0x4c ./Middlewares/ST/STM32_USB_Device_Library/Core/Src/usbd_core.o
                0x0000000008007098                USBD_LL_IsoINIncomplete
 .text.USBD_LL_IsoOUTIncomplete
                0x00000000080070e4       0x4c ./Middlewares/ST/STM32_USB_Device_Library/Core/Src/usbd_core.o
                0x00000000080070e4                USBD_LL_IsoOUTIncomplete
 .text.USBD_LL_DevConnected
                0x0000000008007130       0x16 ./Middlewares/ST/STM32_USB_Device_Library/Core/Src/usbd_core.o
                0x0000000008007130                USBD_LL_DevConnected
 .text.USBD_LL_DevDisconnected
                0x0000000008007146       0x38 ./Middlewares/ST/STM32_USB_Device_Library/Core/Src/usbd_core.o
                0x0000000008007146                USBD_LL_DevDisconnected
 .text.SWAPBYTE
                0x000000000800717e       0x3c ./Middlewares/ST/STM32_USB_Device_Library/Core/Src/usbd_ctlreq.o
 *fill*         0x00000000080071ba        0x2 
 .text.USBD_StdDevReq
                0x00000000080071bc       0xdc ./Middlewares/ST/STM32_USB_Device_Library/Core/Src/usbd_ctlreq.o
                0x00000000080071bc                USBD_StdDevReq
 .text.USBD_StdItfReq
                0x0000000008007298       0x92 ./Middlewares/ST/STM32_USB_Device_Library/Core/Src/usbd_ctlreq.o
                0x0000000008007298                USBD_StdItfReq
 .text.USBD_StdEPReq
                0x000000000800732a      0x2c4 ./Middlewares/ST/STM32_USB_Device_Library/Core/Src/usbd_ctlreq.o
                0x000000000800732a                USBD_StdEPReq
 *fill*         0x00000000080075ee        0x2 
 .text.USBD_GetDescriptor
                0x00000000080075f0      0x328 ./Middlewares/ST/STM32_USB_Device_Library/Core/Src/usbd_ctlreq.o
 .text.USBD_SetAddress
                0x0000000008007918       0x88 ./Middlewares/ST/STM32_USB_Device_Library/Core/Src/usbd_ctlreq.o
 .text.USBD_SetConfig
                0x00000000080079a0      0x14c ./Middlewares/ST/STM32_USB_Device_Library/Core/Src/usbd_ctlreq.o
 .text.USBD_GetConfig
                0x0000000008007aec       0x6c ./Middlewares/ST/STM32_USB_Device_Library/Core/Src/usbd_ctlreq.o
 .text.USBD_GetStatus
                0x0000000008007b58       0x68 ./Middlewares/ST/STM32_USB_Device_Library/Core/Src/usbd_ctlreq.o
 .text.USBD_SetFeature
                0x0000000008007bc0       0x28 ./Middlewares/ST/STM32_USB_Device_Library/Core/Src/usbd_ctlreq.o
 .text.USBD_ClrFeature
                0x0000000008007be8       0x44 ./Middlewares/ST/STM32_USB_Device_Library/Core/Src/usbd_ctlreq.o
 .text.USBD_ParseSetupRequest
                0x0000000008007c2c       0x74 ./Middlewares/ST/STM32_USB_Device_Library/Core/Src/usbd_ctlreq.o
                0x0000000008007c2c                USBD_ParseSetupRequest
 .text.USBD_CtlError
                0x0000000008007ca0       0x22 ./Middlewares/ST/STM32_USB_Device_Library/Core/Src/usbd_ctlreq.o
                0x0000000008007ca0                USBD_CtlError
 .text.USBD_GetString
                0x0000000008007cc2       0x8c ./Middlewares/ST/STM32_USB_Device_Library/Core/Src/usbd_ctlreq.o
                0x0000000008007cc2                USBD_GetString
 .text.USBD_GetLen
                0x0000000008007d4e       0x34 ./Middlewares/ST/STM32_USB_Device_Library/Core/Src/usbd_ctlreq.o
 .text.USBD_CtlSendData
                0x0000000008007d82       0x36 ./Middlewares/ST/STM32_USB_Device_Library/Core/Src/usbd_ioreq.o
                0x0000000008007d82                USBD_CtlSendData
 .text.USBD_CtlContinueSendData
                0x0000000008007db8       0x22 ./Middlewares/ST/STM32_USB_Device_Library/Core/Src/usbd_ioreq.o
                0x0000000008007db8                USBD_CtlContinueSendData
 .text.USBD_CtlContinueRx
                0x0000000008007dda       0x22 ./Middlewares/ST/STM32_USB_Device_Library/Core/Src/usbd_ioreq.o
                0x0000000008007dda                USBD_CtlContinueRx
 .text.USBD_CtlSendStatus
                0x0000000008007dfc       0x26 ./Middlewares/ST/STM32_USB_Device_Library/Core/Src/usbd_ioreq.o
                0x0000000008007dfc                USBD_CtlSendStatus
 .text.USBD_CtlReceiveStatus
                0x0000000008007e22       0x26 ./Middlewares/ST/STM32_USB_Device_Library/Core/Src/usbd_ioreq.o
                0x0000000008007e22                USBD_CtlReceiveStatus
 .text.__NVIC_SetPriority
                0x0000000008007e48       0x54 ./Middlewares/Third_Party/FreeRTOS/Source/CMSIS_RTOS_V2/cmsis_os2.o
 .text.SysTick_Handler
                0x0000000008007e9c       0x20 ./Middlewares/Third_Party/FreeRTOS/Source/CMSIS_RTOS_V2/cmsis_os2.o
                0x0000000008007e9c                SysTick_Handler
 .text.SVC_Setup
                0x0000000008007ebc       0x12 ./Middlewares/Third_Party/FreeRTOS/Source/CMSIS_RTOS_V2/cmsis_os2.o
 *fill*         0x0000000008007ece        0x2 
 .text.osKernelInitialize
                0x0000000008007ed0       0x48 ./Middlewares/Third_Party/FreeRTOS/Source/CMSIS_RTOS_V2/cmsis_os2.o
                0x0000000008007ed0                osKernelInitialize
 .text.osKernelStart
                0x0000000008007f18       0x4c ./Middlewares/Third_Party/FreeRTOS/Source/CMSIS_RTOS_V2/cmsis_os2.o
                0x0000000008007f18                osKernelStart
 .text.osThreadNew
                0x0000000008007f64      0x124 ./Middlewares/Third_Party/FreeRTOS/Source/CMSIS_RTOS_V2/cmsis_os2.o
                0x0000000008007f64                osThreadNew
 .text.osDelay  0x0000000008008088       0x36 ./Middlewares/Third_Party/FreeRTOS/Source/CMSIS_RTOS_V2/cmsis_os2.o
                0x0000000008008088                osDelay
 *fill*         0x00000000080080be        0x2 
 .text.vApplicationGetIdleTaskMemory
                0x00000000080080c0       0x34 ./Middlewares/Third_Party/FreeRTOS/Source/CMSIS_RTOS_V2/cmsis_os2.o
                0x00000000080080c0                vApplicationGetIdleTaskMemory
 .text.vApplicationGetTimerTaskMemory
                0x00000000080080f4       0x34 ./Middlewares/Third_Party/FreeRTOS/Source/CMSIS_RTOS_V2/cmsis_os2.o
                0x00000000080080f4                vApplicationGetTimerTaskMemory
 .text.vListInitialise
                0x0000000008008128       0x40 ./Middlewares/Third_Party/FreeRTOS/Source/list.o
                0x0000000008008128                vListInitialise
 .text.vListInitialiseItem
                0x0000000008008168       0x1a ./Middlewares/Third_Party/FreeRTOS/Source/list.o
                0x0000000008008168                vListInitialiseItem
 .text.vListInsertEnd
                0x0000000008008182       0x48 ./Middlewares/Third_Party/FreeRTOS/Source/list.o
                0x0000000008008182                vListInsertEnd
 .text.vListInsert
                0x00000000080081ca       0x72 ./Middlewares/Third_Party/FreeRTOS/Source/list.o
                0x00000000080081ca                vListInsert
 .text.uxListRemove
                0x000000000800823c       0x54 ./Middlewares/Third_Party/FreeRTOS/Source/list.o
                0x000000000800823c                uxListRemove
 .text.xQueueGenericReset
                0x0000000008008290       0xd0 ./Middlewares/Third_Party/FreeRTOS/Source/queue.o
                0x0000000008008290                xQueueGenericReset
 .text.xQueueGenericCreateStatic
                0x0000000008008360       0xf0 ./Middlewares/Third_Party/FreeRTOS/Source/queue.o
                0x0000000008008360                xQueueGenericCreateStatic
 .text.prvInitialiseNewQueue
                0x0000000008008450       0x46 ./Middlewares/Third_Party/FreeRTOS/Source/queue.o
 *fill*         0x0000000008008496        0x2 
 .text.xQueueGenericSend
                0x0000000008008498      0x1fc ./Middlewares/Third_Party/FreeRTOS/Source/queue.o
                0x0000000008008498                xQueueGenericSend
 .text.xQueueGenericSendFromISR
                0x0000000008008694      0x136 ./Middlewares/Third_Party/FreeRTOS/Source/queue.o
                0x0000000008008694                xQueueGenericSendFromISR
 *fill*         0x00000000080087ca        0x2 
 .text.xQueueReceive
                0x00000000080087cc      0x1c0 ./Middlewares/Third_Party/FreeRTOS/Source/queue.o
                0x00000000080087cc                xQueueReceive
 .text.prvCopyDataToQueue
                0x000000000800898c       0xd4 ./Middlewares/Third_Party/FreeRTOS/Source/queue.o
 .text.prvCopyDataFromQueue
                0x0000000008008a60       0x4c ./Middlewares/Third_Party/FreeRTOS/Source/queue.o
 .text.prvUnlockQueue
                0x0000000008008aac       0xa4 ./Middlewares/Third_Party/FreeRTOS/Source/queue.o
 .text.prvIsQueueEmpty
                0x0000000008008b50       0x2c ./Middlewares/Third_Party/FreeRTOS/Source/queue.o
 .text.prvIsQueueFull
                0x0000000008008b7c       0x30 ./Middlewares/Third_Party/FreeRTOS/Source/queue.o
 .text.vQueueAddToRegistry
                0x0000000008008bac       0x54 ./Middlewares/Third_Party/FreeRTOS/Source/queue.o
                0x0000000008008bac                vQueueAddToRegistry
 .text.vQueueWaitForMessageRestricted
                0x0000000008008c00       0x68 ./Middlewares/Third_Party/FreeRTOS/Source/queue.o
                0x0000000008008c00                vQueueWaitForMessageRestricted
 .text.xTaskCreateStatic
                0x0000000008008c68       0xba ./Middlewares/Third_Party/FreeRTOS/Source/tasks.o
                0x0000000008008c68                xTaskCreateStatic
 .text.xTaskCreate
                0x0000000008008d22       0x8a ./Middlewares/Third_Party/FreeRTOS/Source/tasks.o
                0x0000000008008d22                xTaskCreate
 .text.prvInitialiseNewTask
                0x0000000008008dac      0x14c ./Middlewares/Third_Party/FreeRTOS/Source/tasks.o
 .text.prvAddNewTaskToReadyList
                0x0000000008008ef8       0xe0 ./Middlewares/Third_Party/FreeRTOS/Source/tasks.o
 .text.vTaskDelay
                0x0000000008008fd8       0x68 ./Middlewares/Third_Party/FreeRTOS/Source/tasks.o
                0x0000000008008fd8                vTaskDelay
 .text.vTaskStartScheduler
                0x0000000008009040       0xe0 ./Middlewares/Third_Party/FreeRTOS/Source/tasks.o
                0x0000000008009040                vTaskStartScheduler
 .text.vTaskSuspendAll
                0x0000000008009120       0x1c ./Middlewares/Third_Party/FreeRTOS/Source/tasks.o
                0x0000000008009120                vTaskSuspendAll
 .text.xTaskResumeAll
                0x000000000800913c      0x13c ./Middlewares/Third_Party/FreeRTOS/Source/tasks.o
                0x000000000800913c                xTaskResumeAll
 .text.xTaskGetTickCount
                0x0000000008009278       0x20 ./Middlewares/Third_Party/FreeRTOS/Source/tasks.o
                0x0000000008009278                xTaskGetTickCount
 .text.xTaskIncrementTick
                0x0000000008009298      0x174 ./Middlewares/Third_Party/FreeRTOS/Source/tasks.o
                0x0000000008009298                xTaskIncrementTick
 .text.vTaskSwitchContext
                0x000000000800940c       0xc8 ./Middlewares/Third_Party/FreeRTOS/Source/tasks.o
                0x000000000800940c                vTaskSwitchContext
 .text.vTaskPlaceOnEventList
                0x00000000080094d4       0x48 ./Middlewares/Third_Party/FreeRTOS/Source/tasks.o
                0x00000000080094d4                vTaskPlaceOnEventList
 .text.vTaskPlaceOnEventListRestricted
                0x000000000800951c       0x58 ./Middlewares/Third_Party/FreeRTOS/Source/tasks.o
                0x000000000800951c                vTaskPlaceOnEventListRestricted
 .text.xTaskRemoveFromEventList
                0x0000000008009574       0xc8 ./Middlewares/Third_Party/FreeRTOS/Source/tasks.o
                0x0000000008009574                xTaskRemoveFromEventList
 .text.vTaskInternalSetTimeOutState
                0x000000000800963c       0x2c ./Middlewares/Third_Party/FreeRTOS/Source/tasks.o
                0x000000000800963c                vTaskInternalSetTimeOutState
 .text.xTaskCheckForTimeOut
                0x0000000008009668       0xc4 ./Middlewares/Third_Party/FreeRTOS/Source/tasks.o
                0x0000000008009668                xTaskCheckForTimeOut
 .text.vTaskMissedYield
                0x000000000800972c       0x18 ./Middlewares/Third_Party/FreeRTOS/Source/tasks.o
                0x000000000800972c                vTaskMissedYield
 .text.prvIdleTask
                0x0000000008009744       0x30 ./Middlewares/Third_Party/FreeRTOS/Source/tasks.o
 .text.prvInitialiseTaskLists
                0x0000000008009774       0x80 ./Middlewares/Third_Party/FreeRTOS/Source/tasks.o
 .text.prvCheckTasksWaitingTermination
                0x00000000080097f4       0x5c ./Middlewares/Third_Party/FreeRTOS/Source/tasks.o
 .text.prvDeleteTCB
                0x0000000008009850       0x68 ./Middlewares/Third_Party/FreeRTOS/Source/tasks.o
 .text.prvResetNextTaskUnblockTime
                0x00000000080098b8       0x40 ./Middlewares/Third_Party/FreeRTOS/Source/tasks.o
 .text.xTaskGetSchedulerState
                0x00000000080098f8       0x3c ./Middlewares/Third_Party/FreeRTOS/Source/tasks.o
                0x00000000080098f8                xTaskGetSchedulerState
 .text.xTaskPriorityDisinherit
                0x0000000008009934       0xdc ./Middlewares/Third_Party/FreeRTOS/Source/tasks.o
                0x0000000008009934                xTaskPriorityDisinherit
 .text.prvAddCurrentTaskToDelayedList
                0x0000000008009a10       0xa8 ./Middlewares/Third_Party/FreeRTOS/Source/tasks.o
 .text.xTimerCreateTimerTask
                0x0000000008009ab8       0x90 ./Middlewares/Third_Party/FreeRTOS/Source/timers.o
                0x0000000008009ab8                xTimerCreateTimerTask
 .text.xTimerGenericCommand
                0x0000000008009b48       0x9c ./Middlewares/Third_Party/FreeRTOS/Source/timers.o
                0x0000000008009b48                xTimerGenericCommand
 .text.prvProcessExpiredTimer
                0x0000000008009be4       0x98 ./Middlewares/Third_Party/FreeRTOS/Source/timers.o
 .text.prvTimerTask
                0x0000000008009c7c       0x24 ./Middlewares/Third_Party/FreeRTOS/Source/timers.o
 .text.prvProcessTimerOrBlockTask
                0x0000000008009ca0       0x9c ./Middlewares/Third_Party/FreeRTOS/Source/timers.o
 .text.prvGetNextExpireTime
                0x0000000008009d3c       0x48 ./Middlewares/Third_Party/FreeRTOS/Source/timers.o
 .text.prvSampleTimeNow
                0x0000000008009d84       0x40 ./Middlewares/Third_Party/FreeRTOS/Source/timers.o
 .text.prvInsertTimerInActiveList
                0x0000000008009dc4       0x84 ./Middlewares/Third_Party/FreeRTOS/Source/timers.o
 .text.prvProcessReceivedCommands
                0x0000000008009e48      0x1c4 ./Middlewares/Third_Party/FreeRTOS/Source/timers.o
 .text.prvSwitchTimerLists
                0x000000000800a00c       0xc8 ./Middlewares/Third_Party/FreeRTOS/Source/timers.o
 .text.prvCheckForValidListAndQueue
                0x000000000800a0d4       0x80 ./Middlewares/Third_Party/FreeRTOS/Source/timers.o
 .text.pxPortInitialiseStack
                0x000000000800a154       0x68 ./Middlewares/Third_Party/FreeRTOS/Source/portable/GCC/ARM_CM4F/port.o
                0x000000000800a154                pxPortInitialiseStack
 .text.prvTaskExitError
                0x000000000800a1bc       0x58 ./Middlewares/Third_Party/FreeRTOS/Source/portable/GCC/ARM_CM4F/port.o
 *fill*         0x000000000800a214        0xc 
 .text.SVC_Handler
                0x000000000800a220       0x28 ./Middlewares/Third_Party/FreeRTOS/Source/portable/GCC/ARM_CM4F/port.o
                0x000000000800a220                SVC_Handler
 .text.prvPortStartFirstTask
                0x000000000800a248       0x28 ./Middlewares/Third_Party/FreeRTOS/Source/portable/GCC/ARM_CM4F/port.o
 .text.xPortStartScheduler
                0x000000000800a270      0x144 ./Middlewares/Third_Party/FreeRTOS/Source/portable/GCC/ARM_CM4F/port.o
                0x000000000800a270                xPortStartScheduler
 .text.vPortEnterCritical
                0x000000000800a3b4       0x60 ./Middlewares/Third_Party/FreeRTOS/Source/portable/GCC/ARM_CM4F/port.o
                0x000000000800a3b4                vPortEnterCritical
 .text.vPortExitCritical
                0x000000000800a414       0x54 ./Middlewares/Third_Party/FreeRTOS/Source/portable/GCC/ARM_CM4F/port.o
                0x000000000800a414                vPortExitCritical
 *fill*         0x000000000800a468        0x8 
 .text.PendSV_Handler
                0x000000000800a470       0x68 ./Middlewares/Third_Party/FreeRTOS/Source/portable/GCC/ARM_CM4F/port.o
                0x000000000800a470                PendSV_Handler
 .text.xPortSysTickHandler
                0x000000000800a4d8       0x44 ./Middlewares/Third_Party/FreeRTOS/Source/portable/GCC/ARM_CM4F/port.o
                0x000000000800a4d8                xPortSysTickHandler
 .text.vPortSetupTimerInterrupt
                0x000000000800a51c       0x48 ./Middlewares/Third_Party/FreeRTOS/Source/portable/GCC/ARM_CM4F/port.o
                0x000000000800a51c                vPortSetupTimerInterrupt
 .text.vPortEnableVFP
                0x000000000800a564       0x14 ./Middlewares/Third_Party/FreeRTOS/Source/portable/GCC/ARM_CM4F/port.o
 .text.vPortValidateInterruptPriority
                0x000000000800a578       0x80 ./Middlewares/Third_Party/FreeRTOS/Source/portable/GCC/ARM_CM4F/port.o
                0x000000000800a578                vPortValidateInterruptPriority
 .text.pvPortMalloc
                0x000000000800a5f8      0x198 ./Middlewares/Third_Party/FreeRTOS/Source/portable/MemMang/heap_4.o
                0x000000000800a5f8                pvPortMalloc
 .text.vPortFree
                0x000000000800a790       0xc4 ./Middlewares/Third_Party/FreeRTOS/Source/portable/MemMang/heap_4.o
                0x000000000800a790                vPortFree
 .text.prvHeapInit
                0x000000000800a854       0xc4 ./Middlewares/Third_Party/FreeRTOS/Source/portable/MemMang/heap_4.o
 .text.prvInsertBlockIntoFreeList
                0x000000000800a918       0xb4 ./Middlewares/Third_Party/FreeRTOS/Source/portable/MemMang/heap_4.o
 .text.MX_USB_DEVICE_Init
                0x000000000800a9cc       0x60 ./USB_DEVICE/App/usb_device.o
                0x000000000800a9cc                MX_USB_DEVICE_Init
 .text.USBD_FS_DeviceDescriptor
                0x000000000800aa2c       0x24 ./USB_DEVICE/App/usbd_desc.o
                0x000000000800aa2c                USBD_FS_DeviceDescriptor
 .text.USBD_FS_LangIDStrDescriptor
                0x000000000800aa50       0x24 ./USB_DEVICE/App/usbd_desc.o
                0x000000000800aa50                USBD_FS_LangIDStrDescriptor
 .text.USBD_FS_ProductStrDescriptor
                0x000000000800aa74       0x3c ./USB_DEVICE/App/usbd_desc.o
                0x000000000800aa74                USBD_FS_ProductStrDescriptor
 .text.USBD_FS_ManufacturerStrDescriptor
                0x000000000800aab0       0x28 ./USB_DEVICE/App/usbd_desc.o
                0x000000000800aab0                USBD_FS_ManufacturerStrDescriptor
 .text.USBD_FS_SerialStrDescriptor
                0x000000000800aad8       0x24 ./USB_DEVICE/App/usbd_desc.o
                0x000000000800aad8                USBD_FS_SerialStrDescriptor
 .text.USBD_FS_ConfigStrDescriptor
                0x000000000800aafc       0x3c ./USB_DEVICE/App/usbd_desc.o
                0x000000000800aafc                USBD_FS_ConfigStrDescriptor
 .text.USBD_FS_InterfaceStrDescriptor
                0x000000000800ab38       0x3c ./USB_DEVICE/App/usbd_desc.o
                0x000000000800ab38                USBD_FS_InterfaceStrDescriptor
 .text.USBD_FS_USR_BOSDescriptor
                0x000000000800ab74       0x24 ./USB_DEVICE/App/usbd_desc.o
                0x000000000800ab74                USBD_FS_USR_BOSDescriptor
 .text.Get_SerialNum
                0x000000000800ab98       0x58 ./USB_DEVICE/App/usbd_desc.o
 .text.IntToUnicode
                0x000000000800abf0       0x7e ./USB_DEVICE/App/usbd_desc.o
 .text.MIDI_DataRx
                0x000000000800ac6e       0x5a ./USB_DEVICE/App/usbd_midi_if.o
 .text.MIDI_DataTx
                0x000000000800acc8       0x60 ./USB_DEVICE/App/usbd_midi_if.o
 .text.HAL_PCD_MspInit
                0x000000000800ad28       0xd4 ./USB_DEVICE/Target/usbd_conf.o
                0x000000000800ad28                HAL_PCD_MspInit
 .text.HAL_PCD_SetupStageCallback
                0x000000000800adfc       0x24 ./USB_DEVICE/Target/usbd_conf.o
                0x000000000800adfc                HAL_PCD_SetupStageCallback
 .text.HAL_PCD_DataOutStageCallback
                0x000000000800ae20       0x36 ./USB_DEVICE/Target/usbd_conf.o
                0x000000000800ae20                HAL_PCD_DataOutStageCallback
 .text.HAL_PCD_DataInStageCallback
                0x000000000800ae56       0x34 ./USB_DEVICE/Target/usbd_conf.o
                0x000000000800ae56                HAL_PCD_DataInStageCallback
 .text.HAL_PCD_SOFCallback
                0x000000000800ae8a       0x1c ./USB_DEVICE/Target/usbd_conf.o
                0x000000000800ae8a                HAL_PCD_SOFCallback
 .text.HAL_PCD_ResetCallback
                0x000000000800aea6       0x50 ./USB_DEVICE/Target/usbd_conf.o
                0x000000000800aea6                HAL_PCD_ResetCallback
 *fill*         0x000000000800aef6        0x2 
 .text.HAL_PCD_SuspendCallback
                0x000000000800aef8       0x4c ./USB_DEVICE/Target/usbd_conf.o
                0x000000000800aef8                HAL_PCD_SuspendCallback
 .text.HAL_PCD_ResumeCallback
                0x000000000800af44       0x1c ./USB_DEVICE/Target/usbd_conf.o
                0x000000000800af44                HAL_PCD_ResumeCallback
 .text.HAL_PCD_ISOOUTIncompleteCallback
                0x000000000800af60       0x24 ./USB_DEVICE/Target/usbd_conf.o
                0x000000000800af60                HAL_PCD_ISOOUTIncompleteCallback
 .text.HAL_PCD_ISOINIncompleteCallback
                0x000000000800af84       0x24 ./USB_DEVICE/Target/usbd_conf.o
                0x000000000800af84                HAL_PCD_ISOINIncompleteCallback
 .text.HAL_PCD_ConnectCallback
                0x000000000800afa8       0x1c ./USB_DEVICE/Target/usbd_conf.o
                0x000000000800afa8                HAL_PCD_ConnectCallback
 .text.HAL_PCD_DisconnectCallback
                0x000000000800afc4       0x1c ./USB_DEVICE/Target/usbd_conf.o
                0x000000000800afc4                HAL_PCD_DisconnectCallback
 .text.USBD_LL_Init
                0x000000000800afe0       0x98 ./USB_DEVICE/Target/usbd_conf.o
                0x000000000800afe0                USBD_LL_Init
 .text.USBD_LL_Start
                0x000000000800b078       0x36 ./USB_DEVICE/Target/usbd_conf.o
                0x000000000800b078                USBD_LL_Start
 .text.USBD_LL_OpenEP
                0x000000000800b0ae       0x4c ./USB_DEVICE/Target/usbd_conf.o
                0x000000000800b0ae                USBD_LL_OpenEP
 .text.USBD_LL_CloseEP
                0x000000000800b0fa       0x3e ./USB_DEVICE/Target/usbd_conf.o
                0x000000000800b0fa                USBD_LL_CloseEP
 .text.USBD_LL_StallEP
                0x000000000800b138       0x3e ./USB_DEVICE/Target/usbd_conf.o
                0x000000000800b138                USBD_LL_StallEP
 .text.USBD_LL_ClearStallEP
                0x000000000800b176       0x3e ./USB_DEVICE/Target/usbd_conf.o
                0x000000000800b176                USBD_LL_ClearStallEP
 .text.USBD_LL_IsStallEP
                0x000000000800b1b4       0x58 ./USB_DEVICE/Target/usbd_conf.o
                0x000000000800b1b4                USBD_LL_IsStallEP
 .text.USBD_LL_SetUSBAddress
                0x000000000800b20c       0x3e ./USB_DEVICE/Target/usbd_conf.o
                0x000000000800b20c                USBD_LL_SetUSBAddress
 .text.USBD_LL_Transmit
                0x000000000800b24a       0x42 ./USB_DEVICE/Target/usbd_conf.o
                0x000000000800b24a                USBD_LL_Transmit
 .text.USBD_LL_PrepareReceive
                0x000000000800b28c       0x42 ./USB_DEVICE/Target/usbd_conf.o
                0x000000000800b28c                USBD_LL_PrepareReceive
 *fill*         0x000000000800b2ce        0x2 
 .text.HAL_PCDEx_LPM_Callback
                0x000000000800b2d0       0x9c ./USB_DEVICE/Target/usbd_conf.o
                0x000000000800b2d0                HAL_PCDEx_LPM_Callback
 .text.USBD_Get_USB_Status
                0x000000000800b36c       0x58 ./USB_DEVICE/Target/usbd_conf.o
                0x000000000800b36c                USBD_Get_USB_Status
 .text.__libc_init_array
                0x000000000800b3c4       0x48 c:/st/stm32cubeide_1.7.0/stm32cubeide/plugins/com.st.stm32cube.ide.mcu.externaltools.gnu-tools-for-stm32.9-2020-q2-update.win32_2.0.0.202105311346/tools/bin/../lib/gcc/arm-none-eabi/9.3.1/../../../../arm-none-eabi/lib/thumb/v7e-m+fp/hard\libc_nano.a(lib_a-init.o)
                0x000000000800b3c4                __libc_init_array
 .text.__retarget_lock_acquire_recursive
                0x000000000800b40c        0x2 c:/st/stm32cubeide_1.7.0/stm32cubeide/plugins/com.st.stm32cube.ide.mcu.externaltools.gnu-tools-for-stm32.9-2020-q2-update.win32_2.0.0.202105311346/tools/bin/../lib/gcc/arm-none-eabi/9.3.1/../../../../arm-none-eabi/lib/thumb/v7e-m+fp/hard\libc_nano.a(lib_a-lock.o)
                0x000000000800b40c                __retarget_lock_acquire_recursive
 .text.__retarget_lock_release_recursive
                0x000000000800b40e        0x2 c:/st/stm32cubeide_1.7.0/stm32cubeide/plugins/com.st.stm32cube.ide.mcu.externaltools.gnu-tools-for-stm32.9-2020-q2-update.win32_2.0.0.202105311346/tools/bin/../lib/gcc/arm-none-eabi/9.3.1/../../../../arm-none-eabi/lib/thumb/v7e-m+fp/hard\libc_nano.a(lib_a-lock.o)
                0x000000000800b40e                __retarget_lock_release_recursive
 .text.memcpy   0x000000000800b410       0x1c c:/st/stm32cubeide_1.7.0/stm32cubeide/plugins/com.st.stm32cube.ide.mcu.externaltools.gnu-tools-for-stm32.9-2020-q2-update.win32_2.0.0.202105311346/tools/bin/../lib/gcc/arm-none-eabi/9.3.1/../../../../arm-none-eabi/lib/thumb/v7e-m+fp/hard\libc_nano.a(lib_a-memcpy-stub.o)
                0x000000000800b410                memcpy
 .text.memset   0x000000000800b42c       0x10 c:/st/stm32cubeide_1.7.0/stm32cubeide/plugins/com.st.stm32cube.ide.mcu.externaltools.gnu-tools-for-stm32.9-2020-q2-update.win32_2.0.0.202105311346/tools/bin/../lib/gcc/arm-none-eabi/9.3.1/../../../../arm-none-eabi/lib/thumb/v7e-m+fp/hard\libc_nano.a(lib_a-memset.o)
                0x000000000800b42c                memset
 .text.cleanup_glue
                0x000000000800b43c       0x1a c:/st/stm32cubeide_1.7.0/stm32cubeide/plugins/com.st.stm32cube.ide.mcu.externaltools.gnu-tools-for-stm32.9-2020-q2-update.win32_2.0.0.202105311346/tools/bin/../lib/gcc/arm-none-eabi/9.3.1/../../../../arm-none-eabi/lib/thumb/v7e-m+fp/hard\libc_nano.a(lib_a-reent.o)
                0x000000000800b43c                cleanup_glue
 *fill*         0x000000000800b456        0x2 
 .text._reclaim_reent
                0x000000000800b458       0xb8 c:/st/stm32cubeide_1.7.0/stm32cubeide/plugins/com.st.stm32cube.ide.mcu.externaltools.gnu-tools-for-stm32.9-2020-q2-update.win32_2.0.0.202105311346/tools/bin/../lib/gcc/arm-none-eabi/9.3.1/../../../../arm-none-eabi/lib/thumb/v7e-m+fp/hard\libc_nano.a(lib_a-reent.o)
                0x000000000800b458                _reclaim_reent
 .text.__malloc_lock
                0x000000000800b510        0xc c:/st/stm32cubeide_1.7.0/stm32cubeide/plugins/com.st.stm32cube.ide.mcu.externaltools.gnu-tools-for-stm32.9-2020-q2-update.win32_2.0.0.202105311346/tools/bin/../lib/gcc/arm-none-eabi/9.3.1/../../../../arm-none-eabi/lib/thumb/v7e-m+fp/hard\libc_nano.a(lib_a-mlock.o)
                0x000000000800b510                __malloc_lock
 .text.__malloc_unlock
                0x000000000800b51c        0xc c:/st/stm32cubeide_1.7.0/stm32cubeide/plugins/com.st.stm32cube.ide.mcu.externaltools.gnu-tools-for-stm32.9-2020-q2-update.win32_2.0.0.202105311346/tools/bin/../lib/gcc/arm-none-eabi/9.3.1/../../../../arm-none-eabi/lib/thumb/v7e-m+fp/hard\libc_nano.a(lib_a-mlock.o)
                0x000000000800b51c                __malloc_unlock
 .text._free_r  0x000000000800b528       0xa0 c:/st/stm32cubeide_1.7.0/stm32cubeide/plugins/com.st.stm32cube.ide.mcu.externaltools.gnu-tools-for-stm32.9-2020-q2-update.win32_2.0.0.202105311346/tools/bin/../lib/gcc/arm-none-eabi/9.3.1/../../../../arm-none-eabi/lib/thumb/v7e-m+fp/hard\libc_nano.a(lib_a-nano-freer.o)
                0x000000000800b528                _free_r
 *(.glue_7)
 .glue_7        0x000000000800b5c8        0x0 linker stubs
 *(.glue_7t)
 .glue_7t       0x000000000800b5c8        0x0 linker stubs
 *(.eh_frame)
 .eh_frame      0x000000000800b5c8        0x0 c:/st/stm32cubeide_1.7.0/stm32cubeide/plugins/com.st.stm32cube.ide.mcu.externaltools.gnu-tools-for-stm32.9-2020-q2-update.win32_2.0.0.202105311346/tools/bin/../lib/gcc/arm-none-eabi/9.3.1/thumb/v7e-m+fp/hard/crtbegin.o
 *(.init)
 .init          0x000000000800b5c8        0x4 c:/st/stm32cubeide_1.7.0/stm32cubeide/plugins/com.st.stm32cube.ide.mcu.externaltools.gnu-tools-for-stm32.9-2020-q2-update.win32_2.0.0.202105311346/tools/bin/../lib/gcc/arm-none-eabi/9.3.1/thumb/v7e-m+fp/hard/crti.o
                0x000000000800b5c8                _init
 .init          0x000000000800b5cc        0x8 c:/st/stm32cubeide_1.7.0/stm32cubeide/plugins/com.st.stm32cube.ide.mcu.externaltools.gnu-tools-for-stm32.9-2020-q2-update.win32_2.0.0.202105311346/tools/bin/../lib/gcc/arm-none-eabi/9.3.1/thumb/v7e-m+fp/hard/crtn.o
 *(.fini)
 .fini          0x000000000800b5d4        0x4 c:/st/stm32cubeide_1.7.0/stm32cubeide/plugins/com.st.stm32cube.ide.mcu.externaltools.gnu-tools-for-stm32.9-2020-q2-update.win32_2.0.0.202105311346/tools/bin/../lib/gcc/arm-none-eabi/9.3.1/thumb/v7e-m+fp/hard/crti.o
                0x000000000800b5d4                _fini
 .fini          0x000000000800b5d8        0x8 c:/st/stm32cubeide_1.7.0/stm32cubeide/plugins/com.st.stm32cube.ide.mcu.externaltools.gnu-tools-for-stm32.9-2020-q2-update.win32_2.0.0.202105311346/tools/bin/../lib/gcc/arm-none-eabi/9.3.1/thumb/v7e-m+fp/hard/crtn.o
                0x000000000800b5e0                . = ALIGN (0x4)
                0x000000000800b5e0                _etext = .

.vfp11_veneer   0x000000000800b5e0        0x0
 .vfp11_veneer  0x000000000800b5e0        0x0 linker stubs

.v4_bx          0x000000000800b5e0        0x0
 .v4_bx         0x000000000800b5e0        0x0 linker stubs

.iplt           0x000000000800b5e0        0x0
 .iplt          0x000000000800b5e0        0x0 c:/st/stm32cubeide_1.7.0/stm32cubeide/plugins/com.st.stm32cube.ide.mcu.externaltools.gnu-tools-for-stm32.9-2020-q2-update.win32_2.0.0.202105311346/tools/bin/../lib/gcc/arm-none-eabi/9.3.1/thumb/v7e-m+fp/hard/crtbegin.o

.rodata         0x000000000800b5e0      0x140
                0x000000000800b5e0                . = ALIGN (0x4)
 *(.rodata)
 .rodata        0x000000000800b5e0       0x15 ./Core/Src/main.o
 *fill*         0x000000000800b5f5        0x3 
 .rodata        0x000000000800b5f8        0x5 ./Middlewares/Third_Party/FreeRTOS/Source/tasks.o
 *fill*         0x000000000800b5fd        0x3 
 .rodata        0x000000000800b600        0xd ./Middlewares/Third_Party/FreeRTOS/Source/timers.o
 *fill*         0x000000000800b60d        0x3 
 .rodata        0x000000000800b610       0x48 ./USB_DEVICE/App/usbd_desc.o
 *(.rodata*)
 .rodata.defaultTask_attributes
                0x000000000800b658       0x24 ./Core/Src/main.o
                0x000000000800b658                defaultTask_attributes
 .rodata.myTask02_attributes
                0x000000000800b67c       0x24 ./Core/Src/main.o
                0x000000000800b67c                myTask02_attributes
 .rodata.AHBPrescTable
                0x000000000800b6a0       0x10 ./Core/Src/system_stm32f4xx.o
                0x000000000800b6a0                AHBPrescTable
 .rodata.APBPrescTable
                0x000000000800b6b0        0x8 ./Core/Src/system_stm32f4xx.o
                0x000000000800b6b0                APBPrescTable
 .rodata.flagBitshiftOffset.9486
                0x000000000800b6b8        0x8 ./Drivers/STM32F4xx_HAL_Driver/Src/stm32f4xx_hal_dma.o
 .rodata.__sf_fake_stderr
                0x000000000800b6c0       0x20 c:/st/stm32cubeide_1.7.0/stm32cubeide/plugins/com.st.stm32cube.ide.mcu.externaltools.gnu-tools-for-stm32.9-2020-q2-update.win32_2.0.0.202105311346/tools/bin/../lib/gcc/arm-none-eabi/9.3.1/../../../../arm-none-eabi/lib/thumb/v7e-m+fp/hard\libc_nano.a(lib_a-findfp.o)
                0x000000000800b6c0                __sf_fake_stderr
 .rodata.__sf_fake_stdin
                0x000000000800b6e0       0x20 c:/st/stm32cubeide_1.7.0/stm32cubeide/plugins/com.st.stm32cube.ide.mcu.externaltools.gnu-tools-for-stm32.9-2020-q2-update.win32_2.0.0.202105311346/tools/bin/../lib/gcc/arm-none-eabi/9.3.1/../../../../arm-none-eabi/lib/thumb/v7e-m+fp/hard\libc_nano.a(lib_a-findfp.o)
                0x000000000800b6e0                __sf_fake_stdin
 .rodata.__sf_fake_stdout
                0x000000000800b700       0x20 c:/st/stm32cubeide_1.7.0/stm32cubeide/plugins/com.st.stm32cube.ide.mcu.externaltools.gnu-tools-for-stm32.9-2020-q2-update.win32_2.0.0.202105311346/tools/bin/../lib/gcc/arm-none-eabi/9.3.1/../../../../arm-none-eabi/lib/thumb/v7e-m+fp/hard\libc_nano.a(lib_a-findfp.o)
                0x000000000800b700                __sf_fake_stdout
                0x000000000800b720                . = ALIGN (0x4)

.ARM.extab      0x000000000800b720        0x0
                0x000000000800b720                . = ALIGN (0x4)
 *(.ARM.extab* .gnu.linkonce.armextab.*)
                0x000000000800b720                . = ALIGN (0x4)

.ARM            0x000000000800b720        0x8
                0x000000000800b720                . = ALIGN (0x4)
                0x000000000800b720                __exidx_start = .
 *(.ARM.exidx*)
 .ARM.exidx     0x000000000800b720        0x8 c:/st/stm32cubeide_1.7.0/stm32cubeide/plugins/com.st.stm32cube.ide.mcu.externaltools.gnu-tools-for-stm32.9-2020-q2-update.win32_2.0.0.202105311346/tools/bin/../lib/gcc/arm-none-eabi/9.3.1/thumb/v7e-m+fp/hard\libgcc.a(_udivmoddi4.o)
                0x000000000800b728                __exidx_end = .
                0x000000000800b728                . = ALIGN (0x4)

.rel.dyn        0x000000000800b728        0x0
 .rel.iplt      0x000000000800b728        0x0 c:/st/stm32cubeide_1.7.0/stm32cubeide/plugins/com.st.stm32cube.ide.mcu.externaltools.gnu-tools-for-stm32.9-2020-q2-update.win32_2.0.0.202105311346/tools/bin/../lib/gcc/arm-none-eabi/9.3.1/thumb/v7e-m+fp/hard/crtbegin.o

.preinit_array  0x000000000800b728        0x0
                0x000000000800b728                . = ALIGN (0x4)
                0x000000000800b728                PROVIDE (__preinit_array_start = .)
 *(.preinit_array*)
                0x000000000800b728                PROVIDE (__preinit_array_end = .)
                0x000000000800b728                . = ALIGN (0x4)

.init_array     0x000000000800b728        0x4
                0x000000000800b728                . = ALIGN (0x4)
                0x000000000800b728                PROVIDE (__init_array_start = .)
 *(SORT_BY_NAME(.init_array.*))
 *(.init_array*)
 .init_array    0x000000000800b728        0x4 c:/st/stm32cubeide_1.7.0/stm32cubeide/plugins/com.st.stm32cube.ide.mcu.externaltools.gnu-tools-for-stm32.9-2020-q2-update.win32_2.0.0.202105311346/tools/bin/../lib/gcc/arm-none-eabi/9.3.1/thumb/v7e-m+fp/hard/crtbegin.o
                0x000000000800b72c                PROVIDE (__init_array_end = .)
                0x000000000800b72c                . = ALIGN (0x4)

.fini_array     0x000000000800b72c        0x4
                0x000000000800b72c                . = ALIGN (0x4)
                [!provide]                        PROVIDE (__fini_array_start = .)
 *(SORT_BY_NAME(.fini_array.*))
 *(.fini_array*)
 .fini_array    0x000000000800b72c        0x4 c:/st/stm32cubeide_1.7.0/stm32cubeide/plugins/com.st.stm32cube.ide.mcu.externaltools.gnu-tools-for-stm32.9-2020-q2-update.win32_2.0.0.202105311346/tools/bin/../lib/gcc/arm-none-eabi/9.3.1/thumb/v7e-m+fp/hard/crtbegin.o
                [!provide]                        PROVIDE (__fini_array_end = .)
                0x000000000800b730                . = ALIGN (0x4)
                0x000000000800b730                _sidata = LOADADDR (.data)

.data           0x0000000020000000      0x17c load address 0x000000000800b730
                0x0000000020000000                . = ALIGN (0x4)
                0x0000000020000000                _sdata = .
 *(.data)
 *(.data*)
 .data.SystemCoreClock
                0x0000000020000000        0x4 ./Core/Src/system_stm32f4xx.o
                0x0000000020000000                SystemCoreClock
 .data.uwTickPrio
                0x0000000020000004        0x4 ./Drivers/STM32F4xx_HAL_Driver/Src/stm32f4xx_hal.o
                0x0000000020000004                uwTickPrio
 .data.uwTickFreq
                0x0000000020000008        0x1 ./Drivers/STM32F4xx_HAL_Driver/Src/stm32f4xx_hal.o
                0x0000000020000008                uwTickFreq
 *fill*         0x0000000020000009        0x3 
 .data.USBD_MIDI
                0x000000002000000c       0x38 ./Middlewares/ST/STM32_USB_Device_Library/Class/MIDI/src/usbd_midi.o
                0x000000002000000c                USBD_MIDI
 .data.USBD_MIDI_CfgDesc
                0x0000000020000044       0x65 ./Middlewares/ST/STM32_USB_Device_Library/Class/MIDI/src/usbd_midi.o
                0x0000000020000044                USBD_MIDI_CfgDesc
 *fill*         0x00000000200000a9        0x3 
 .data.uxCriticalNesting
                0x00000000200000ac        0x4 ./Middlewares/Third_Party/FreeRTOS/Source/portable/GCC/ARM_CM4F/port.o
 .data.FS_Desc  0x00000000200000b0       0x20 ./USB_DEVICE/App/usbd_desc.o
                0x00000000200000b0                FS_Desc
 .data.USBD_FS_DeviceDesc
                0x00000000200000d0       0x12 ./USB_DEVICE/App/usbd_desc.o
                0x00000000200000d0                USBD_FS_DeviceDesc
 *fill*         0x00000000200000e2        0x2 
 .data.USBD_FS_BOSDesc
                0x00000000200000e4        0xc ./USB_DEVICE/App/usbd_desc.o
                0x00000000200000e4                USBD_FS_BOSDesc
 .data.USBD_LangIDDesc
                0x00000000200000f0        0x4 ./USB_DEVICE/App/usbd_desc.o
                0x00000000200000f0                USBD_LangIDDesc
 .data.USBD_StringSerial
                0x00000000200000f4       0x1a ./USB_DEVICE/App/usbd_desc.o
                0x00000000200000f4                USBD_StringSerial
 *fill*         0x000000002000010e        0x2 
 .data.USBD_Interface_fops_FS
                0x0000000020000110        0x8 ./USB_DEVICE/App/usbd_midi_if.o
                0x0000000020000110                USBD_Interface_fops_FS
 .data._impure_ptr
                0x0000000020000118        0x4 c:/st/stm32cubeide_1.7.0/stm32cubeide/plugins/com.st.stm32cube.ide.mcu.externaltools.gnu-tools-for-stm32.9-2020-q2-update.win32_2.0.0.202105311346/tools/bin/../lib/gcc/arm-none-eabi/9.3.1/../../../../arm-none-eabi/lib/thumb/v7e-m+fp/hard\libc_nano.a(lib_a-impure.o)
                0x0000000020000118                _impure_ptr
 .data.impure_data
                0x000000002000011c       0x60 c:/st/stm32cubeide_1.7.0/stm32cubeide/plugins/com.st.stm32cube.ide.mcu.externaltools.gnu-tools-for-stm32.9-2020-q2-update.win32_2.0.0.202105311346/tools/bin/../lib/gcc/arm-none-eabi/9.3.1/../../../../arm-none-eabi/lib/thumb/v7e-m+fp/hard\libc_nano.a(lib_a-impure.o)
 *(.RamFunc)
 *(.RamFunc*)
                0x000000002000017c                . = ALIGN (0x4)
                0x000000002000017c                _edata = .

.igot.plt       0x000000002000017c        0x0 load address 0x000000000800b8ac
 .igot.plt      0x000000002000017c        0x0 c:/st/stm32cubeide_1.7.0/stm32cubeide/plugins/com.st.stm32cube.ide.mcu.externaltools.gnu-tools-for-stm32.9-2020-q2-update.win32_2.0.0.202105311346/tools/bin/../lib/gcc/arm-none-eabi/9.3.1/thumb/v7e-m+fp/hard/crtbegin.o
                0x000000002000017c                . = ALIGN (0x4)

.bss            0x000000002000017c     0x5714 load address 0x000000000800b8ac
                0x000000002000017c                _sbss = .
                0x000000002000017c                __bss_start__ = _sbss
 *(.bss)
 .bss           0x000000002000017c       0x1c c:/st/stm32cubeide_1.7.0/stm32cubeide/plugins/com.st.stm32cube.ide.mcu.externaltools.gnu-tools-for-stm32.9-2020-q2-update.win32_2.0.0.202105311346/tools/bin/../lib/gcc/arm-none-eabi/9.3.1/thumb/v7e-m+fp/hard/crtbegin.o
 *(.bss*)
 .bss.pInstance
                0x0000000020000198        0x4 ./Middlewares/ST/STM32_USB_Device_Library/Class/MIDI/src/usbd_midi.o
                0x0000000020000198                pInstance
 .bss.APP_Rx_ptr_in
                0x000000002000019c        0x4 ./Middlewares/ST/STM32_USB_Device_Library/Class/MIDI/src/usbd_midi.o
                0x000000002000019c                APP_Rx_ptr_in
 .bss.USB_Tx_State
                0x00000000200001a0        0x1 ./Middlewares/ST/STM32_USB_Device_Library/Class/MIDI/src/usbd_midi.o
                0x00000000200001a0                USB_Tx_State
 .bss.cfgidx.11427
                0x00000000200001a1        0x1 ./Middlewares/ST/STM32_USB_Device_Library/Core/Src/usbd_ctlreq.o
 *fill*         0x00000000200001a2        0x2 
 .bss.KernelState
                0x00000000200001a4        0x4 ./Middlewares/Third_Party/FreeRTOS/Source/CMSIS_RTOS_V2/cmsis_os2.o
 .bss.Idle_TCB.11369
                0x00000000200001a8       0xbc ./Middlewares/Third_Party/FreeRTOS/Source/CMSIS_RTOS_V2/cmsis_os2.o
 .bss.Idle_Stack.11370
                0x0000000020000264      0x200 ./Middlewares/Third_Party/FreeRTOS/Source/CMSIS_RTOS_V2/cmsis_os2.o
 .bss.Timer_TCB.11376
                0x0000000020000464       0xbc ./Middlewares/Third_Party/FreeRTOS/Source/CMSIS_RTOS_V2/cmsis_os2.o
 .bss.Timer_Stack.11377
                0x0000000020000520      0x400 ./Middlewares/Third_Party/FreeRTOS/Source/CMSIS_RTOS_V2/cmsis_os2.o
 .bss.pxCurrentTCB
                0x0000000020000920        0x4 ./Middlewares/Third_Party/FreeRTOS/Source/tasks.o
                0x0000000020000920                pxCurrentTCB
 .bss.pxReadyTasksLists
                0x0000000020000924      0x460 ./Middlewares/Third_Party/FreeRTOS/Source/tasks.o
 .bss.xDelayedTaskList1
                0x0000000020000d84       0x14 ./Middlewares/Third_Party/FreeRTOS/Source/tasks.o
 .bss.xDelayedTaskList2
                0x0000000020000d98       0x14 ./Middlewares/Third_Party/FreeRTOS/Source/tasks.o
 .bss.pxDelayedTaskList
                0x0000000020000dac        0x4 ./Middlewares/Third_Party/FreeRTOS/Source/tasks.o
 .bss.pxOverflowDelayedTaskList
                0x0000000020000db0        0x4 ./Middlewares/Third_Party/FreeRTOS/Source/tasks.o
 .bss.xPendingReadyList
                0x0000000020000db4       0x14 ./Middlewares/Third_Party/FreeRTOS/Source/tasks.o
 .bss.xTasksWaitingTermination
                0x0000000020000dc8       0x14 ./Middlewares/Third_Party/FreeRTOS/Source/tasks.o
 .bss.uxDeletedTasksWaitingCleanUp
                0x0000000020000ddc        0x4 ./Middlewares/Third_Party/FreeRTOS/Source/tasks.o
 .bss.xSuspendedTaskList
                0x0000000020000de0       0x14 ./Middlewares/Third_Party/FreeRTOS/Source/tasks.o
 .bss.uxCurrentNumberOfTasks
                0x0000000020000df4        0x4 ./Middlewares/Third_Party/FreeRTOS/Source/tasks.o
 .bss.xTickCount
                0x0000000020000df8        0x4 ./Middlewares/Third_Party/FreeRTOS/Source/tasks.o
 .bss.uxTopReadyPriority
                0x0000000020000dfc        0x4 ./Middlewares/Third_Party/FreeRTOS/Source/tasks.o
 .bss.xSchedulerRunning
                0x0000000020000e00        0x4 ./Middlewares/Third_Party/FreeRTOS/Source/tasks.o
 .bss.xPendedTicks
                0x0000000020000e04        0x4 ./Middlewares/Third_Party/FreeRTOS/Source/tasks.o
 .bss.xYieldPending
                0x0000000020000e08        0x4 ./Middlewares/Third_Party/FreeRTOS/Source/tasks.o
 .bss.xNumOfOverflows
                0x0000000020000e0c        0x4 ./Middlewares/Third_Party/FreeRTOS/Source/tasks.o
 .bss.uxTaskNumber
                0x0000000020000e10        0x4 ./Middlewares/Third_Party/FreeRTOS/Source/tasks.o
 .bss.xNextTaskUnblockTime
                0x0000000020000e14        0x4 ./Middlewares/Third_Party/FreeRTOS/Source/tasks.o
 .bss.xIdleTaskHandle
                0x0000000020000e18        0x4 ./Middlewares/Third_Party/FreeRTOS/Source/tasks.o
 .bss.uxSchedulerSuspended
                0x0000000020000e1c        0x4 ./Middlewares/Third_Party/FreeRTOS/Source/tasks.o
 .bss.xActiveTimerList1
                0x0000000020000e20       0x14 ./Middlewares/Third_Party/FreeRTOS/Source/timers.o
 .bss.xActiveTimerList2
                0x0000000020000e34       0x14 ./Middlewares/Third_Party/FreeRTOS/Source/timers.o
 .bss.pxCurrentTimerList
                0x0000000020000e48        0x4 ./Middlewares/Third_Party/FreeRTOS/Source/timers.o
 .bss.pxOverflowTimerList
                0x0000000020000e4c        0x4 ./Middlewares/Third_Party/FreeRTOS/Source/timers.o
 .bss.xTimerQueue
                0x0000000020000e50        0x4 ./Middlewares/Third_Party/FreeRTOS/Source/timers.o
 .bss.xTimerTaskHandle
                0x0000000020000e54        0x4 ./Middlewares/Third_Party/FreeRTOS/Source/timers.o
 .bss.xLastTime.7010
                0x0000000020000e58        0x4 ./Middlewares/Third_Party/FreeRTOS/Source/timers.o
 .bss.ucStaticTimerQueueStorage.7061
                0x0000000020000e5c       0xa0 ./Middlewares/Third_Party/FreeRTOS/Source/timers.o
 .bss.xStaticTimerQueue.7060
                0x0000000020000efc       0x50 ./Middlewares/Third_Party/FreeRTOS/Source/timers.o
 .bss.ucMaxSysCallPriority
                0x0000000020000f4c        0x1 ./Middlewares/Third_Party/FreeRTOS/Source/portable/GCC/ARM_CM4F/port.o
 *fill*         0x0000000020000f4d        0x3 
 .bss.ulMaxPRIGROUPValue
                0x0000000020000f50        0x4 ./Middlewares/Third_Party/FreeRTOS/Source/portable/GCC/ARM_CM4F/port.o
 .bss.ucHeap    0x0000000020000f54     0x3c00 ./Middlewares/Third_Party/FreeRTOS/Source/portable/MemMang/heap_4.o
 .bss.xStart    0x0000000020004b54        0x8 ./Middlewares/Third_Party/FreeRTOS/Source/portable/MemMang/heap_4.o
 .bss.pxEnd     0x0000000020004b5c        0x4 ./Middlewares/Third_Party/FreeRTOS/Source/portable/MemMang/heap_4.o
 .bss.xFreeBytesRemaining
                0x0000000020004b60        0x4 ./Middlewares/Third_Party/FreeRTOS/Source/portable/MemMang/heap_4.o
 .bss.xMinimumEverFreeBytesRemaining
                0x0000000020004b64        0x4 ./Middlewares/Third_Party/FreeRTOS/Source/portable/MemMang/heap_4.o
 .bss.xNumberOfSuccessfulAllocations
                0x0000000020004b68        0x4 ./Middlewares/Third_Party/FreeRTOS/Source/portable/MemMang/heap_4.o
 .bss.xNumberOfSuccessfulFrees
                0x0000000020004b6c        0x4 ./Middlewares/Third_Party/FreeRTOS/Source/portable/MemMang/heap_4.o
 .bss.xBlockAllocatedBit
                0x0000000020004b70        0x4 ./Middlewares/Third_Party/FreeRTOS/Source/portable/MemMang/heap_4.o
 .bss.__malloc_free_list
                0x0000000020004b74        0x4 c:/st/stm32cubeide_1.7.0/stm32cubeide/plugins/com.st.stm32cube.ide.mcu.externaltools.gnu-tools-for-stm32.9-2020-q2-update.win32_2.0.0.202105311346/tools/bin/../lib/gcc/arm-none-eabi/9.3.1/../../../../arm-none-eabi/lib/thumb/v7e-m+fp/hard\libc_nano.a(lib_a-nano-mallocr.o)
                0x0000000020004b74                __malloc_free_list
 *(COMMON)
 COMMON         0x0000000020004b78      0x268 ./Core/Src/main.o
                0x0000000020004b78                defaultTaskHandle
                0x0000000020004b7c                htim4
                0x0000000020004bc4                hi2c1
                0x0000000020004c18                htim3
                0x0000000020004c60                hadc1
                0x0000000020004ca8                myTask02Handle
                0x0000000020004cac                hdma_adc1
                0x0000000020004d0c                htim1
                0x0000000020004d54                huart4
                0x0000000020004d98                htim2
 COMMON         0x0000000020004de0       0x48 ./Core/Src/stm32f4xx_hal_timebase_tim.o
                0x0000000020004de0                htim6
 COMMON         0x0000000020004e28        0x4 ./Drivers/STM32F4xx_HAL_Driver/Src/stm32f4xx_hal.o
                0x0000000020004e28                uwTick
 COMMON         0x0000000020004e2c      0x140 ./Middlewares/ST/STM32_USB_Device_Library/Class/MIDI/src/usbd_midi.o
                0x0000000020004e2c                USB_Rx_Buffer
                0x0000000020004e6c                APP_Rx_Buffer
 COMMON         0x0000000020004f6c       0x40 ./Middlewares/Third_Party/FreeRTOS/Source/queue.o
                0x0000000020004f6c                xQueueRegistry
 COMMON         0x0000000020004fac      0x2d0 ./USB_DEVICE/App/usb_device.o
                0x0000000020004fac                hUsbDeviceFS
 COMMON         0x000000002000527c      0x200 ./USB_DEVICE/App/usbd_desc.o
                0x000000002000527c                USBD_StrDesc
 COMMON         0x000000002000547c      0x408 ./USB_DEVICE/Target/usbd_conf.o
                0x000000002000547c                hpcd_USB_OTG_FS
 COMMON         0x0000000020005884        0x9 c:/st/stm32cubeide_1.7.0/stm32cubeide/plugins/com.st.stm32cube.ide.mcu.externaltools.gnu-tools-for-stm32.9-2020-q2-update.win32_2.0.0.202105311346/tools/bin/../lib/gcc/arm-none-eabi/9.3.1/../../../../arm-none-eabi/lib/thumb/v7e-m+fp/hard\libc_nano.a(lib_a-lock.o)
                0x0000000020005884                __lock___atexit_recursive_mutex
                0x0000000020005885                __lock___arc4random_mutex
                0x0000000020005886                __lock___env_recursive_mutex
                0x0000000020005887                __lock___sinit_recursive_mutex
                0x0000000020005888                __lock___malloc_recursive_mutex
                0x0000000020005889                __lock___at_quick_exit_mutex
                0x000000002000588a                __lock___dd_hash_mutex
                0x000000002000588b                __lock___tz_mutex
                0x000000002000588c                __lock___sfp_recursive_mutex
                0x0000000020005890                . = ALIGN (0x4)
 *fill*         0x000000002000588d        0x3 
                0x0000000020005890                _ebss = .
                0x0000000020005890                __bss_end__ = _ebss

._user_heap_stack
                0x0000000020005890      0x600 load address 0x000000000800b8ac
                0x0000000020005890                . = ALIGN (0x8)
                [!provide]                        PROVIDE (end = .)
                0x0000000020005890                PROVIDE (_end = .)
                0x0000000020005a90                . = (. + _Min_Heap_Size)
 *fill*         0x0000000020005890      0x200 
                0x0000000020005e90                . = (. + _Min_Stack_Size)
 *fill*         0x0000000020005a90      0x400 
                0x0000000020005e90                . = ALIGN (0x8)

/DISCARD/
 libc.a(*)
 libm.a(*)
 libgcc.a(*)

.ARM.attributes
                0x0000000000000000       0x30
 *(.ARM.attributes)
 .ARM.attributes
                0x0000000000000000       0x1e c:/st/stm32cubeide_1.7.0/stm32cubeide/plugins/com.st.stm32cube.ide.mcu.externaltools.gnu-tools-for-stm32.9-2020-q2-update.win32_2.0.0.202105311346/tools/bin/../lib/gcc/arm-none-eabi/9.3.1/thumb/v7e-m+fp/hard/crti.o
 .ARM.attributes
                0x000000000000001e       0x34 c:/st/stm32cubeide_1.7.0/stm32cubeide/plugins/com.st.stm32cube.ide.mcu.externaltools.gnu-tools-for-stm32.9-2020-q2-update.win32_2.0.0.202105311346/tools/bin/../lib/gcc/arm-none-eabi/9.3.1/thumb/v7e-m+fp/hard/crtbegin.o
 .ARM.attributes
                0x0000000000000052       0x34 ./Core/Src/main.o
 .ARM.attributes
                0x0000000000000086       0x34 ./Core/Src/stm32f4xx_hal_msp.o
 .ARM.attributes
                0x00000000000000ba       0x34 ./Core/Src/stm32f4xx_hal_timebase_tim.o
 .ARM.attributes
                0x00000000000000ee       0x34 ./Core/Src/stm32f4xx_it.o
 .ARM.attributes
                0x0000000000000122       0x34 ./Core/Src/system_stm32f4xx.o
 .ARM.attributes
                0x0000000000000156       0x21 ./Core/Startup/startup_stm32f446retx.o
 .ARM.attributes
                0x0000000000000177       0x34 ./Drivers/STM32F4xx_HAL_Driver/Src/stm32f4xx_hal.o
 .ARM.attributes
                0x00000000000001ab       0x34 ./Drivers/STM32F4xx_HAL_Driver/Src/stm32f4xx_hal_adc.o
 .ARM.attributes
                0x00000000000001df       0x34 ./Drivers/STM32F4xx_HAL_Driver/Src/stm32f4xx_hal_cortex.o
 .ARM.attributes
                0x0000000000000213       0x34 ./Drivers/STM32F4xx_HAL_Driver/Src/stm32f4xx_hal_dma.o
 .ARM.attributes
                0x0000000000000247       0x34 ./Drivers/STM32F4xx_HAL_Driver/Src/stm32f4xx_hal_gpio.o
 .ARM.attributes
                0x000000000000027b       0x34 ./Drivers/STM32F4xx_HAL_Driver/Src/stm32f4xx_hal_i2c.o
 .ARM.attributes
                0x00000000000002af       0x34 ./Drivers/STM32F4xx_HAL_Driver/Src/stm32f4xx_hal_pcd.o
 .ARM.attributes
                0x00000000000002e3       0x34 ./Drivers/STM32F4xx_HAL_Driver/Src/stm32f4xx_hal_pcd_ex.o
 .ARM.attributes
                0x0000000000000317       0x34 ./Drivers/STM32F4xx_HAL_Driver/Src/stm32f4xx_hal_rcc.o
 .ARM.attributes
                0x000000000000034b       0x34 ./Drivers/STM32F4xx_HAL_Driver/Src/stm32f4xx_hal_rcc_ex.o
 .ARM.attributes
                0x000000000000037f       0x34 ./Drivers/STM32F4xx_HAL_Driver/Src/stm32f4xx_hal_tim.o
 .ARM.attributes
                0x00000000000003b3       0x34 ./Drivers/STM32F4xx_HAL_Driver/Src/stm32f4xx_hal_tim_ex.o
 .ARM.attributes
                0x00000000000003e7       0x34 ./Drivers/STM32F4xx_HAL_Driver/Src/stm32f4xx_hal_uart.o
 .ARM.attributes
                0x000000000000041b       0x34 ./Drivers/STM32F4xx_HAL_Driver/Src/stm32f4xx_ll_usb.o
 .ARM.attributes
                0x000000000000044f       0x34 ./Middlewares/ST/STM32_USB_Device_Library/Class/AUDIO/Src/usbd_audio.o
 .ARM.attributes
                0x0000000000000483       0x34 ./Middlewares/ST/STM32_USB_Device_Library/Class/MIDI/src/usbd_midi.o
 .ARM.attributes
                0x00000000000004b7       0x34 ./Middlewares/ST/STM32_USB_Device_Library/Core/Src/usbd_core.o
 .ARM.attributes
                0x00000000000004eb       0x34 ./Middlewares/ST/STM32_USB_Device_Library/Core/Src/usbd_ctlreq.o
 .ARM.attributes
                0x000000000000051f       0x34 ./Middlewares/ST/STM32_USB_Device_Library/Core/Src/usbd_ioreq.o
 .ARM.attributes
                0x0000000000000553       0x34 ./Middlewares/Third_Party/FreeRTOS/Source/CMSIS_RTOS_V2/cmsis_os2.o
 .ARM.attributes
                0x0000000000000587       0x34 ./Middlewares/Third_Party/FreeRTOS/Source/list.o
 .ARM.attributes
                0x00000000000005bb       0x34 ./Middlewares/Third_Party/FreeRTOS/Source/queue.o
 .ARM.attributes
                0x00000000000005ef       0x34 ./Middlewares/Third_Party/FreeRTOS/Source/tasks.o
 .ARM.attributes