main.c:103:5:main	8	static
main.c:192:6:SystemClock_Config	88	static
main.c:238:13:MX_ADC1_Init	24	static
main.c:288:13:MX_I2C1_Init	8	static
main.c:322:13:MX_TIM1_Init	56	static
main.c:372:13:MX_TIM2_Init	56	static
main.c:421:13:MX_TIM3_Init	56	static
main.c:470:13:MX_TIM4_Init	56	static
main.c:519:13:MX_UART4_Init	8	static
main.c:550:13:MX_DMA_Init	16	static
main.c:568:13:MX_GPIO_Init	48	static
main.c:630:6:StartDefaultTask	16	static
main.c:650:6:StartTask02	16	static
main.c:669:6:HAL_TIM_PeriodElapsedCallback	16	static
main.c:686:6:Error_Handler	4	static,ignoring_inline_asm
