main.c:95:5:main	8	static
main.c:181:6:SystemClock_Config	88	static
main.c:227:13:MX_ADC1_Init	24	static
main.c:277:13:MX_I2C1_Init	8	static
main.c:311:13:MX_TIM1_Init	56	static
main.c:361:13:MX_TIM2_Init	56	static
main.c:410:13:MX_TIM3_Init	56	static
main.c:459:13:MX_TIM4_Init	56	static
main.c:508:13:MX_UART4_Init	8	static
main.c:539:13:MX_DMA_Init	16	static
main.c:557:13:MX_GPIO_Init	48	static
main.c:619:6:StartDefaultTask	16	static
main.c:640:6:HAL_TIM_PeriodElapsedCallback	16	static
main.c:657:6:Error_Handler	4	static,ignoring_inline_asm
